Archive member included because of file (symbol)

/opt/parallax/lib/gcc/propeller-elf/4.6.1/../../../../propeller-elf/lib/cmm/short-doubles/libm.a(s_cosf.o)
                              /tmp/ccHpwH7z.o (_cos)
/opt/parallax/lib/gcc/propeller-elf/4.6.1/../../../../propeller-elf/lib/cmm/short-doubles/libm.a(s_sinf.o)
                              /tmp/ccHpwH7z.o (_sin)
/opt/parallax/lib/gcc/propeller-elf/4.6.1/../../../../propeller-elf/lib/cmm/short-doubles/libm.a(k_cosf.o)
                              /opt/parallax/lib/gcc/propeller-elf/4.6.1/../../../../propeller-elf/lib/cmm/short-doubles/libm.a(s_cosf.o) (___kernel_cosf)
/opt/parallax/lib/gcc/propeller-elf/4.6.1/../../../../propeller-elf/lib/cmm/short-doubles/libm.a(k_sinf.o)
                              /opt/parallax/lib/gcc/propeller-elf/4.6.1/../../../../propeller-elf/lib/cmm/short-doubles/libm.a(s_cosf.o) (___kernel_sinf)
/opt/parallax/lib/gcc/propeller-elf/4.6.1/../../../../propeller-elf/lib/cmm/short-doubles/libm.a(e_rem_pio2f.o)
                              /opt/parallax/lib/gcc/propeller-elf/4.6.1/../../../../propeller-elf/lib/cmm/short-doubles/libm.a(s_cosf.o) (___ieee754_rem_pio2f)
/opt/parallax/lib/gcc/propeller-elf/4.6.1/../../../../propeller-elf/lib/cmm/short-doubles/libm.a(k_rem_pio2f.o)
                              /opt/parallax/lib/gcc/propeller-elf/4.6.1/../../../../propeller-elf/lib/cmm/short-doubles/libm.a(e_rem_pio2f.o) (___kernel_rem_pio2f)
/opt/parallax/lib/gcc/propeller-elf/4.6.1/../../../../propeller-elf/lib/cmm/short-doubles/libm.a(s_floorf.o)
                              /opt/parallax/lib/gcc/propeller-elf/4.6.1/../../../../propeller-elf/lib/cmm/short-doubles/libm.a(k_rem_pio2f.o) (_floorf)
/opt/parallax/lib/gcc/propeller-elf/4.6.1/../../../../propeller-elf/lib/cmm/short-doubles/libm.a(s_scalbnf.o)
                              /opt/parallax/lib/gcc/propeller-elf/4.6.1/../../../../propeller-elf/lib/cmm/short-doubles/libm.a(k_rem_pio2f.o) (_scalbnf)
/home/alexis/dev/robotics/lib/Utility/libsimpletools/cmm//libsimpletools.a(freqout.o)
                              /tmp/cceYxY2J.o (_freqout)
/home/alexis/dev/robotics/lib/Utility/libsimpletools/cmm//libsimpletools.a(input.o)
                              /tmp/cceYxY2J.o (_input)
/home/alexis/dev/robotics/lib/Utility/libsimpletools/cmm//libsimpletools.a(low.o)
                              /home/alexis/dev/robotics/lib/Utility/libsimpletools/cmm//libsimpletools.a(freqout.o) (_low)
/home/alexis/dev/robotics/lib/Utility/libsimpletools/cmm//libsimpletools.a(pause.o)
                              /tmp/cceYxY2J.o (_pause)
/home/alexis/dev/robotics/lib/Utility/libsimpletools/cmm//libsimpletools.a(sddriverconfig.o)
                              /tmp/ccHpwH7z.o (_sd_mount)
/home/alexis/dev/robotics/lib/Utility/libsimpletools/cmm//libsimpletools.a(squareWave.o)
                              /home/alexis/dev/robotics/lib/Utility/libsimpletools/cmm//libsimpletools.a(freqout.o) (_square_wave_setup)
/home/alexis/dev/robotics/lib/Utility/libsimpletools/cmm//libsimpletools.a(timeTicks.o)
                              /home/alexis/dev/robotics/lib/Utility/libsimpletools/cmm//libsimpletools.a(pause.o) (_st_pauseTicks)
/home/alexis/dev/robotics/lib/Utility/libsimpletools/cmm//libsimpletools.a(addfiledriver.o)
                              /home/alexis/dev/robotics/lib/Utility/libsimpletools/cmm//libsimpletools.a(sddriverconfig.o) (_add_driver)
/home/alexis/dev/robotics/lib/Robotics/ActivityBot/libabdrive/cmm//libabdrive.a(getticks.o)
                              /tmp/ccHpwH7z.o (_drive_getTicks)
/home/alexis/dev/robotics/lib/Robotics/ActivityBot/libabdrive/cmm//libabdrive.a(abdrive.o)
                              /home/alexis/dev/robotics/lib/Robotics/ActivityBot/libabdrive/cmm//libabdrive.a(getticks.o) (_abd_ticksL)
/home/alexis/dev/robotics/lib/Utility/libsimpletools/cmm//libsimpletools.a(eeprom_getByte.o)
                              /home/alexis/dev/robotics/lib/Robotics/ActivityBot/libabdrive/cmm//libabdrive.a(abdrive.o) (_ee_getByte)
/home/alexis/dev/robotics/lib/Utility/libsimpletools/cmm//libsimpletools.a(eeprom_getInt.o)
                              /home/alexis/dev/robotics/lib/Robotics/ActivityBot/libabdrive/cmm//libabdrive.a(abdrive.o) (_ee_getInt)
/home/alexis/dev/robotics/lib/Utility/libsimpletools/cmm//libsimpletools.a(eeprom_getStr.o)
                              /home/alexis/dev/robotics/lib/Robotics/ActivityBot/libabdrive/cmm//libabdrive.a(abdrive.o) (_ee_getStr)
/home/alexis/dev/robotics/lib/Utility/libsimpletools/cmm//libsimpletools.a(i2c_in.o)
                              /home/alexis/dev/robotics/lib/Utility/libsimpletools/cmm//libsimpletools.a(eeprom_getByte.o) (_i2c_in)
/home/alexis/dev/robotics/lib/Utility/libsimpletools/cmm//libsimpletools.a(eeprom_init.o)
                              /home/alexis/dev/robotics/lib/Utility/libsimpletools/cmm//libsimpletools.a(eeprom_getByte.o) (_ee_init)
/home/alexis/dev/robotics/lib/Utility/libsimpletools/cmm//libsimpletools.a(endianSwap.o)
                              /home/alexis/dev/robotics/lib/Utility/libsimpletools/cmm//libsimpletools.a(i2c_in.o) (_endianSwap)
/home/alexis/dev/robotics/lib/Utility/libsimpletools/cmm//libsimpletools.a(i2c_init.o)
                              /home/alexis/dev/robotics/lib/Utility/libsimpletools/cmm//libsimpletools.a(eeprom_init.o) (_i2c_newbus)
/home/alexis/dev/robotics/lib/Protocol/libsimplei2c/cmm//libsimplei2c.a(simplei2c.o)
                              /home/alexis/dev/robotics/lib/Utility/libsimpletools/cmm//libsimpletools.a(i2c_in.o) (_i2c_start)
/home/alexis/dev/robotics/lib/Sensor/libping/cmm/libping.a(ping.o)
                              /tmp/cceYxY2J.o (_ping_cm)
/home/alexis/dev/robotics/lib/Utility/libsimpletools/cmm//libsimpletools.a(pulseIn.o)
                              /home/alexis/dev/robotics/lib/Sensor/libping/cmm/libping.a(ping.o) (_pulse_in)
/home/alexis/dev/robotics/lib/Utility/libsimpletools/cmm//libsimpletools.a(pulseOut.o)
                              /home/alexis/dev/robotics/lib/Sensor/libping/cmm/libping.a(ping.o) (_pulse_out)
/home/alexis/dev/robotics/lib/Utility/libsimpletools/cmm//libsimpletools.a(setOutput.o)
                              /home/alexis/dev/robotics/lib/Utility/libsimpletools/cmm//libsimpletools.a(pulseOut.o) (_set_output)
/home/alexis/dev/robotics/lib/Utility/libsimpletools/cmm//libsimpletools.a(getOutput.o)
                              /home/alexis/dev/robotics/lib/Utility/libsimpletools/cmm//libsimpletools.a(pulseOut.o) (_get_output)
/home/alexis/dev/robotics/lib/Utility/libsimpletools/cmm//libsimpletools.a(getState.o)
                              /home/alexis/dev/robotics/lib/Utility/libsimpletools/cmm//libsimpletools.a(pulseIn.o) (_get_state)
/opt/parallax/lib/gcc/propeller-elf/4.6.1/cmm/short-doubles/libgcc.a(addsf3.o)
                              /tmp/ccHpwH7z.o (___addsf3)
/opt/parallax/lib/gcc/propeller-elf/4.6.1/cmm/short-doubles/libgcc.a(divsf3.o)
                              /tmp/ccHpwH7z.o (___divsf3)
/opt/parallax/lib/gcc/propeller-elf/4.6.1/cmm/short-doubles/libgcc.a(eqsf2.o)
                              /tmp/ccHpwH7z.o (___eqsf2)
/opt/parallax/lib/gcc/propeller-elf/4.6.1/cmm/short-doubles/libgcc.a(gesf2.o)
                              /opt/parallax/lib/gcc/propeller-elf/4.6.1/../../../../propeller-elf/lib/cmm/short-doubles/libm.a(k_rem_pio2f.o) (___gesf2)
/opt/parallax/lib/gcc/propeller-elf/4.6.1/cmm/short-doubles/libgcc.a(mulsf3.o)
                              /tmp/ccHpwH7z.o (___mulsf3)
/opt/parallax/lib/gcc/propeller-elf/4.6.1/cmm/short-doubles/libgcc.a(subsf3.o)
                              /tmp/ccHpwH7z.o (___subsf3)
/opt/parallax/lib/gcc/propeller-elf/4.6.1/cmm/short-doubles/libgcc.a(fixsfsi.o)
                              /opt/parallax/lib/gcc/propeller-elf/4.6.1/../../../../propeller-elf/lib/cmm/short-doubles/libm.a(k_cosf.o) (___fixsfsi)
/opt/parallax/lib/gcc/propeller-elf/4.6.1/cmm/short-doubles/libgcc.a(floatsisf.o)
                              /tmp/ccHpwH7z.o (___floatsisf)
/opt/parallax/lib/gcc/propeller-elf/4.6.1/../../../../propeller-elf/lib/cmm/short-doubles/libc.a(fopen.o)
                              /tmp/ccHpwH7z.o (_fopen)
/opt/parallax/lib/gcc/propeller-elf/4.6.1/../../../../propeller-elf/lib/cmm/short-doubles/libc.a(fopen_intern.o)
                              /opt/parallax/lib/gcc/propeller-elf/4.6.1/../../../../propeller-elf/lib/cmm/short-doubles/libc.a(fopen.o) (___fopen_driver)
/opt/parallax/lib/gcc/propeller-elf/4.6.1/../../../../propeller-elf/lib/cmm/short-doubles/libc.a(fwrite.o)
                              /tmp/ccHpwH7z.o (_fwrite)
/opt/parallax/lib/gcc/propeller-elf/4.6.1/../../../../propeller-elf/lib/cmm/short-doubles/libc.a(init_io.o)
                              /opt/parallax/lib/gcc/propeller-elf/4.6.1/../../../../propeller-elf/lib/cmm/short-doubles/libc.a(fopen_intern.o) (__InitIO)
/opt/parallax/lib/gcc/propeller-elf/4.6.1/../../../../propeller-elf/lib/cmm/short-doubles/libc.a(abort.o)
                              /opt/parallax/lib/gcc/propeller-elf/4.6.1/cmm/short-doubles/libgcc.a(divsf3.o) (_abort)
/opt/parallax/lib/gcc/propeller-elf/4.6.1/../../../../propeller-elf/lib/cmm/short-doubles/libc.a(thread.o)
                              /opt/parallax/lib/gcc/propeller-elf/4.6.1/cmm/short-doubles/_crt0.o (__TLS)
/opt/parallax/lib/gcc/propeller-elf/4.6.1/../../../../propeller-elf/lib/cmm/short-doubles/libc.a(cogstart.o)
                              /home/alexis/dev/robotics/lib/Utility/libsimpletools/cmm//libsimpletools.a(squareWave.o) (_cogstart)
/opt/parallax/lib/gcc/propeller-elf/4.6.1/../../../../propeller-elf/lib/cmm/short-doubles/libc.a(memcpy.o)
                              /home/alexis/dev/robotics/lib/Utility/libsimpletools/cmm//libsimpletools.a(sddriverconfig.o) (_memcpy)
/opt/parallax/lib/gcc/propeller-elf/4.6.1/../../../../propeller-elf/lib/cmm/short-doubles/libc.a(memset.o)
                              /opt/parallax/lib/gcc/propeller-elf/4.6.1/cmm/short-doubles/_crtbegin.o (_memset)
/opt/parallax/lib/gcc/propeller-elf/4.6.1/../../../../propeller-elf/lib/cmm/short-doubles/libc.a(strlen.o)
                              /opt/parallax/lib/gcc/propeller-elf/4.6.1/../../../../propeller-elf/lib/cmm/short-doubles/libc.a(fopen.o) (_strlen)
/opt/parallax/lib/gcc/propeller-elf/4.6.1/../../../../propeller-elf/lib/cmm/short-doubles/libc.a(strncmp.o)
                              /opt/parallax/lib/gcc/propeller-elf/4.6.1/../../../../propeller-elf/lib/cmm/short-doubles/libc.a(fopen.o) (_strncmp)
/opt/parallax/lib/gcc/propeller-elf/4.6.1/../../../../propeller-elf/lib/cmm/short-doubles/libc.a(SimpleSerial.o)
                              /home/alexis/dev/robotics/lib/Utility/libsimpletools/cmm//libsimpletools.a(addfiledriver.o) (__SimpleSerialDriver)
/opt/parallax/lib/gcc/propeller-elf/4.6.1/../../../../propeller-elf/lib/cmm/short-doubles/libc.a(serialparam.o)
                              /opt/parallax/lib/gcc/propeller-elf/4.6.1/../../../../propeller-elf/lib/cmm/short-doubles/libc.a(SimpleSerial.o) (__baud)
/opt/parallax/lib/gcc/propeller-elf/4.6.1/../../../../propeller-elf/lib/cmm/short-doubles/libc.a(terminal.o)
                              /opt/parallax/lib/gcc/propeller-elf/4.6.1/../../../../propeller-elf/lib/cmm/short-doubles/libc.a(SimpleSerial.o) (__term_write)
/opt/parallax/lib/gcc/propeller-elf/4.6.1/../../../../propeller-elf/lib/cmm/short-doubles/libc.a(FileDriver.o)
                              /home/alexis/dev/robotics/lib/Utility/libsimpletools/cmm//libsimpletools.a(sddriverconfig.o) (__FileDriver)
/opt/parallax/lib/gcc/propeller-elf/4.6.1/../../../../propeller-elf/lib/cmm/short-doubles/libc.a(mount.o)
                              /home/alexis/dev/robotics/lib/Utility/libsimpletools/cmm//libsimpletools.a(sddriverconfig.o) (_dfs_mount)
/opt/parallax/lib/gcc/propeller-elf/4.6.1/../../../../propeller-elf/lib/cmm/short-doubles/libc.a(dosfs.o)
                              /opt/parallax/lib/gcc/propeller-elf/4.6.1/../../../../propeller-elf/lib/cmm/short-doubles/libc.a(FileDriver.o) (_DFS_GetVolInfo)
/opt/parallax/lib/gcc/propeller-elf/4.6.1/../../../../propeller-elf/lib/cmm/short-doubles/libc.a(file_io.o)
                              /opt/parallax/lib/gcc/propeller-elf/4.6.1/../../../../propeller-elf/lib/cmm/short-doubles/libc.a(FileDriver.o) (_DFS_InitFileIO)
/opt/parallax/lib/gcc/propeller-elf/4.6.1/../../../../propeller-elf/lib/cmm/short-doubles/libc.a(load_sd_driver.o)
                              /opt/parallax/lib/gcc/propeller-elf/4.6.1/../../../../propeller-elf/lib/cmm/short-doubles/libc.a(FileDriver.o) (_LoadSDDriver)
/opt/parallax/lib/gcc/propeller-elf/4.6.1/../../../../propeller-elf/lib/cmm/short-doubles/libc.a(sd_driver.o)
                              /opt/parallax/lib/gcc/propeller-elf/4.6.1/../../../../propeller-elf/lib/cmm/short-doubles/libc.a(load_sd_driver.o) (_sd_driver_array)
/opt/parallax/lib/gcc/propeller-elf/4.6.1/../../../../propeller-elf/lib/cmm/short-doubles/libc.a(fflush.o)
                              /opt/parallax/lib/gcc/propeller-elf/4.6.1/../../../../propeller-elf/lib/cmm/short-doubles/libc.a(fopen_intern.o) (_fflush)
/opt/parallax/lib/gcc/propeller-elf/4.6.1/../../../../propeller-elf/lib/cmm/short-doubles/libc.a(malloc.o)
                              /opt/parallax/lib/gcc/propeller-elf/4.6.1/../../../../propeller-elf/lib/cmm/short-doubles/libc.a(FileDriver.o) (_malloc)
/opt/parallax/lib/gcc/propeller-elf/4.6.1/../../../../propeller-elf/lib/cmm/short-doubles/libc.a(atoi.o)
                              /opt/parallax/lib/gcc/propeller-elf/4.6.1/../../../../propeller-elf/lib/cmm/short-doubles/libc.a(SimpleSerial.o) (_atoi)
/opt/parallax/lib/gcc/propeller-elf/4.6.1/../../../../propeller-elf/lib/cmm/short-doubles/libc.a(div.o)
                              /opt/parallax/lib/gcc/propeller-elf/4.6.1/../../../../propeller-elf/lib/cmm/short-doubles/libc.a(dosfs.o) (_ldiv)
/opt/parallax/lib/gcc/propeller-elf/4.6.1/../../../../propeller-elf/lib/cmm/short-doubles/libc.a(ctype.o)
                              /opt/parallax/lib/gcc/propeller-elf/4.6.1/../../../../propeller-elf/lib/cmm/short-doubles/libc.a(atoi.o) (___ctype)
/opt/parallax/lib/gcc/propeller-elf/4.6.1/../../../../propeller-elf/lib/cmm/short-doubles/libc.a(sbrk.o)
                              /opt/parallax/lib/gcc/propeller-elf/4.6.1/../../../../propeller-elf/lib/cmm/short-doubles/libc.a(malloc.o) (__hubsbrk)
/opt/parallax/lib/gcc/propeller-elf/4.6.1/../../../../propeller-elf/lib/cmm/short-doubles/libc.a(memcmp.o)
                              /opt/parallax/lib/gcc/propeller-elf/4.6.1/../../../../propeller-elf/lib/cmm/short-doubles/libc.a(dosfs.o) (_memcmp)
/opt/parallax/lib/gcc/propeller-elf/4.6.1/../../../../propeller-elf/lib/cmm/short-doubles/libc.a(strcat.o)
                              /opt/parallax/lib/gcc/propeller-elf/4.6.1/../../../../propeller-elf/lib/cmm/short-doubles/libc.a(FileDriver.o) (_strcat)
/opt/parallax/lib/gcc/propeller-elf/4.6.1/../../../../propeller-elf/lib/cmm/short-doubles/libc.a(strcmp.o)
                              /opt/parallax/lib/gcc/propeller-elf/4.6.1/../../../../propeller-elf/lib/cmm/short-doubles/libc.a(FileDriver.o) (_strcmp)
/opt/parallax/lib/gcc/propeller-elf/4.6.1/../../../../propeller-elf/lib/cmm/short-doubles/libc.a(strcpy.o)
                              /opt/parallax/lib/gcc/propeller-elf/4.6.1/../../../../propeller-elf/lib/cmm/short-doubles/libc.a(FileDriver.o) (_strcpy)
/opt/parallax/lib/gcc/propeller-elf/4.6.1/../../../../propeller-elf/lib/cmm/short-doubles/libc.a(strncpy.o)
                              /opt/parallax/lib/gcc/propeller-elf/4.6.1/../../../../propeller-elf/lib/cmm/short-doubles/libc.a(dosfs.o) (_strncpy)

Allocating common symbols
Common symbol       size              file

_abd_speedL         0x4               /home/alexis/dev/robotics/lib/Robotics/ActivityBot/libabdrive/cmm//libabdrive.a(abdrive.o)
_abd_cntrLidx       0x4               /home/alexis/dev/robotics/lib/Robotics/ActivityBot/libabdrive/cmm//libabdrive.a(abdrive.o)
_abd_drc            0x4               /home/alexis/dev/robotics/lib/Robotics/ActivityBot/libabdrive/cmm//libabdrive.a(getticks.o)
_st_iodt            0x4               /home/alexis/dev/robotics/lib/Utility/libsimpletools/cmm//libsimpletools.a(timeTicks.o)
_totalerror         0x4               /tmp/cceYxY2J.o
_abd_us             0x4               /home/alexis/dev/robotics/lib/Robotics/ActivityBot/libabdrive/cmm//libabdrive.a(abdrive.o)
_rticks             0x4               /tmp/ccHpwH7z.o
_abd_spdmL          0x1e0             /home/alexis/dev/robotics/lib/Robotics/ActivityBot/libabdrive/cmm//libabdrive.a(abdrive.o)
__servoPulseReps    0x4               /home/alexis/dev/robotics/lib/Robotics/ActivityBot/libabdrive/cmm//libabdrive.a(abdrive.o)
_abd_cntrRidx       0x4               /home/alexis/dev/robotics/lib/Robotics/ActivityBot/libabdrive/cmm//libabdrive.a(abdrive.o)
_us                 0x4               /home/alexis/dev/robotics/lib/Utility/libsimpletools/cmm//libsimpletools.a(timeTicks.o)
___stdio_lock       0x4               /opt/parallax/lib/gcc/propeller-elf/4.6.1/../../../../propeller-elf/lib/cmm/short-doubles/libc.a(fopen_intern.o)
_angleTurned        0x4               /tmp/ccHpwH7z.o
_abd_spdrR          0x1e0             /home/alexis/dev/robotics/lib/Robotics/ActivityBot/libabdrive/cmm//libabdrive.a(abdrive.o)
_dfs_volinfo        0x34              /opt/parallax/lib/gcc/propeller-elf/4.6.1/../../../../propeller-elf/lib/cmm/short-doubles/libc.a(FileDriver.o)
_total_distance     0x4               /tmp/ccHpwH7z.o
_st_eeprom          0x4               /home/alexis/dev/robotics/lib/Utility/libsimpletools/cmm//libsimpletools.a(eeprom_getByte.o)
_abd_iR             0x4               /home/alexis/dev/robotics/lib/Robotics/ActivityBot/libabdrive/cmm//libabdrive.a(abdrive.o)
_st_usTicks         0x4               /home/alexis/dev/robotics/lib/Utility/libsimpletools/cmm//libsimpletools.a(timeTicks.o)
_abd_pL             0x4               /home/alexis/dev/robotics/lib/Robotics/ActivityBot/libabdrive/cmm//libabdrive.a(abdrive.o)
_abd_trimFL         0x4               /home/alexis/dev/robotics/lib/Robotics/ActivityBot/libabdrive/cmm//libabdrive.a(abdrive.o)
_ms                 0x4               /home/alexis/dev/robotics/lib/Utility/libsimpletools/cmm//libsimpletools.a(timeTicks.o)
_abd_trimBL         0x4               /home/alexis/dev/robotics/lib/Robotics/ActivityBot/libabdrive/cmm//libabdrive.a(abdrive.o)
_abd_speedR         0x4               /home/alexis/dev/robotics/lib/Robotics/ActivityBot/libabdrive/cmm//libabdrive.a(abdrive.o)
_(float, int, long,...)(short)
                    0x1a0             /opt/parallax/lib/gcc/propeller-elf/4.6.1/../../../../propeller-elf/lib/cmm/short-doubles/libc.a(fopen_intern.o)
_abd_trimBR         0x4               /home/alexis/dev/robotics/lib/Robotics/ActivityBot/libabdrive/cmm//libabdrive.a(abdrive.o)
_abd_edR            0x4               /home/alexis/dev/robotics/lib/Robotics/ActivityBot/libabdrive/cmm//libabdrive.a(abdrive.o)
_st_timeout         0x4               /home/alexis/dev/robotics/lib/Utility/libsimpletools/cmm//libsimpletools.a(timeTicks.o)
_lticks             0x4               /tmp/ccHpwH7z.o
_abd_elCntR         0x4               /home/alexis/dev/robotics/lib/Robotics/ActivityBot/libabdrive/cmm//libabdrive.a(abdrive.o)
_dfs_currdir        0x40              /opt/parallax/lib/gcc/propeller-elf/4.6.1/../../../../propeller-elf/lib/cmm/short-doubles/libc.a(FileDriver.o)
_abd_edL            0x4               /home/alexis/dev/robotics/lib/Robotics/ActivityBot/libabdrive/cmm//libabdrive.a(abdrive.o)
_st_eeInitFlag      0x4               /home/alexis/dev/robotics/lib/Utility/libsimpletools/cmm//libsimpletools.a(eeprom_getByte.o)
_current_pos        0xc               /tmp/ccHpwH7z.o
_abd_pR             0x4               /home/alexis/dev/robotics/lib/Robotics/ActivityBot/libabdrive/cmm//libabdrive.a(abdrive.o)
_abd_trimFR         0x4               /home/alexis/dev/robotics/lib/Robotics/ActivityBot/libabdrive/cmm//libabdrive.a(abdrive.o)
_abd_elCntL         0x4               /home/alexis/dev/robotics/lib/Robotics/ActivityBot/libabdrive/cmm//libabdrive.a(abdrive.o)
_abd_iL             0x4               /home/alexis/dev/robotics/lib/Robotics/ActivityBot/libabdrive/cmm//libabdrive.a(abdrive.o)
_st_pauseTicks      0x4               /home/alexis/dev/robotics/lib/Utility/libsimpletools/cmm//libsimpletools.a(timeTicks.o)
_preverror          0x4               /tmp/cceYxY2J.o
_abd_spdmR          0x1e0             /home/alexis/dev/robotics/lib/Robotics/ActivityBot/libabdrive/cmm//libabdrive.a(abdrive.o)
_st_msTicks         0x4               /home/alexis/dev/robotics/lib/Utility/libsimpletools/cmm//libsimpletools.a(timeTicks.o)
_abd_spdrL          0x1e0             /home/alexis/dev/robotics/lib/Robotics/ActivityBot/libabdrive/cmm//libabdrive.a(abdrive.o)
_abd_dlc            0x4               /home/alexis/dev/robotics/lib/Robotics/ActivityBot/libabdrive/cmm//libabdrive.a(getticks.o)
_abd_eeAddr         0x4               /home/alexis/dev/robotics/lib/Robotics/ActivityBot/libabdrive/cmm//libabdrive.a(abdrive.o)

Memory Configuration

Name             Origin             Length             Attributes
hub              0x0000000000000000 0x0000000000008000
cog              0x0000000000000000 0x00000000000007c0
coguser          0x0000000000000000 0x00000000000007c0
ram              0x0000000020000000 0x0000000010000000
rom              0x0000000030000000 0x0000000010000000
drivers          0x00000000c0000000 0x0000000000100000
dummy            0x00000000e0000000 0x0000000000100000
*default*        0x0000000000000000 0xffffffffffffffff

Linker script and memory map

LOAD /opt/parallax/lib/gcc/propeller-elf/4.6.1/cmm/short-doubles/spinboot.o
LOAD /opt/parallax/lib/gcc/propeller-elf/4.6.1/cmm/short-doubles/_crt0.o
LOAD /opt/parallax/lib/gcc/propeller-elf/4.6.1/cmm/short-doubles/_crtbegin.o
LOAD /tmp/cceYxY2J.o
LOAD /tmp/ccHpwH7z.o
LOAD /tmp/ccE8nJeq.o
LOAD /opt/parallax/lib/gcc/propeller-elf/4.6.1/../../../../propeller-elf/lib/cmm/short-doubles/libm.a
LOAD /home/alexis/dev/robotics/lib/Utility/libsimpletools/cmm//libsimpletools.a
LOAD /home/alexis/dev/robotics/lib/TextDevices/libsimpletext/cmm//libsimpletext.a
LOAD /home/alexis/dev/robotics/lib/Protocol/libsimplei2c/cmm//libsimplei2c.a
LOAD /home/alexis/dev/robotics/lib/Robotics/ActivityBot/libabdrive/cmm//libabdrive.a
LOAD /home/alexis/dev/robotics/lib/TextDevices/libfdserial/cmm//libfdserial.a
LOAD /opt/parallax/lib/gcc/propeller-elf/4.6.1/../../../../propeller-elf/lib/cmm/short-doubles/libm.a
LOAD /home/alexis/dev/robotics/lib/Utility/libsimpletools/cmm//libsimpletools.a
LOAD /home/alexis/dev/robotics/lib/TextDevices/libsimpletext/cmm//libsimpletext.a
LOAD /home/alexis/dev/robotics/lib/Protocol/libsimplei2c/cmm//libsimplei2c.a
LOAD /home/alexis/dev/robotics/lib/Robotics/ActivityBot/libabdrive/cmm//libabdrive.a
LOAD /opt/parallax/lib/gcc/propeller-elf/4.6.1/../../../../propeller-elf/lib/cmm/short-doubles/libm.a
LOAD /home/alexis/dev/robotics/lib/Utility/libsimpletools/cmm//libsimpletools.a
LOAD /home/alexis/dev/robotics/lib/TextDevices/libsimpletext/cmm//libsimpletext.a
LOAD /home/alexis/dev/robotics/lib/Protocol/libsimplei2c/cmm//libsimplei2c.a
LOAD /opt/parallax/lib/gcc/propeller-elf/4.6.1/../../../../propeller-elf/lib/cmm/short-doubles/libm.a
LOAD /home/alexis/dev/robotics/lib/Utility/libsimpletools/cmm//libsimpletools.a
LOAD /home/alexis/dev/robotics/lib/TextDevices/libsimpletext/cmm//libsimpletext.a
LOAD /opt/parallax/lib/gcc/propeller-elf/4.6.1/../../../../propeller-elf/lib/cmm/short-doubles/libm.a
LOAD /home/alexis/dev/robotics/lib/Sensor/libping/cmm/libping.a
LOAD /home/alexis/dev/robotics/lib/Utility/libsimpletools/cmm//libsimpletools.a
LOAD /opt/parallax/lib/gcc/propeller-elf/4.6.1/cmm/short-doubles/libgcc.a
START GROUP
LOAD /opt/parallax/lib/gcc/propeller-elf/4.6.1/../../../../propeller-elf/lib/cmm/short-doubles/libc.a
LOAD /opt/parallax/lib/gcc/propeller-elf/4.6.1/cmm/short-doubles/libgcc.a
END GROUP
LOAD /opt/parallax/lib/gcc/propeller-elf/4.6.1/cmm/short-doubles/libgcc.a
LOAD /opt/parallax/lib/gcc/propeller-elf/4.6.1/cmm/short-doubles/_crtend.o

.boot           0x0000000000000000       0x20
 *(.boot)
 .boot          0x0000000000000000       0x20 /opt/parallax/lib/gcc/propeller-elf/4.6.1/cmm/short-doubles/spinboot.o
                0x0000000000000000                __clkfreq
                0x0000000000000004                __clkmode
                0x0000000000000008                __sys_mbox

.lmmkernel      0x0000000000000000      0x764 load address 0x0000000000000020
 *(.lmmkernel)
 .lmmkernel     0x0000000000000000      0x760 /opt/parallax/lib/gcc/propeller-elf/4.6.1/cmm/short-doubles/_crt0.o
                0x0000000000000000                __LMM_entry
                0x0000000000000000                r0
                0x0000000000000004                r1
                0x0000000000000008                r2
                0x000000000000000c                r3
                0x0000000000000010                r4
                0x0000000000000014                r5
                0x0000000000000018                r6
                0x000000000000001c                r7
                0x0000000000000020                r8
                0x0000000000000024                r9
                0x0000000000000028                r10
                0x000000000000002c                r11
                0x0000000000000030                r12
                0x0000000000000034                r13
                0x0000000000000038                r14
                0x000000000000003c                lr
                0x0000000000000040                sp
                0x0000000000000044                pc
                0x0000000000000048                __MASK_FFFFFFFF
                0x000000000000004c                __TMP0
                0x0000000000000440                __LMM_CALL
                0x0000000000000448                __LMM_CALL_INDIRECT
                0x0000000000000454                __LMM_JMP
                0x0000000000000460                __LMM_PUSHM
                0x0000000000000480                __LMM_PUSHM_ret
                0x0000000000000488                __LMM_POPRET
                0x0000000000000490                __LMM_POPRET_ret
                0x0000000000000494                __LMM_POPM
                0x00000000000004b4                __LMM_POPM_ret
                0x00000000000004b8                __MASK_0000FFFF
                0x00000000000004cc                __CLZSI
                0x00000000000004d0                __CTZSI
                0x0000000000000508                __CLZSI_ret
                0x0000000000000514                __UDIVSI
                0x0000000000000558                __UDIVSI_ret
                0x0000000000000560                __DIVSI
                0x0000000000000588                __DIVSI_ret
                0x0000000000000598                __MULSI
                0x00000000000005b8                __MULSI_ret
                0x00000000000005bc                __C_LOCK_PTR
                0x00000000000005c0                __CMPSWAPSI
                0x00000000000005e0                __CMPSWAPSI_ret
                0x00000000000005ec                __LMM_RET
                0x0000000000000660                __LMM_FCACHE_START
 *(.kernel)
 .kernel        0x0000000000000760        0x4 /opt/parallax/lib/gcc/propeller-elf/4.6.1/../../../../propeller-elf/lib/cmm/short-doubles/libc.a(thread.o)
                0x0000000000000760                __TLS

.init           0x0000000000000784       0x74
 *(.init*)
 .init          0x0000000000000784       0x60 /opt/parallax/lib/gcc/propeller-elf/4.6.1/cmm/short-doubles/_crtbegin.o
                0x0000000000000784                entry
                0x0000000000000784                start
                0x00000000000007ab                ___init
 .init          0x00000000000007e4       0x14 /opt/parallax/lib/gcc/propeller-elf/4.6.1/cmm/short-doubles/_crtend.o

.text           0x00000000000007f8     0x5638
 *(.text*)
 .text          0x00000000000007f8        0x0 /opt/parallax/lib/gcc/propeller-elf/4.6.1/cmm/short-doubles/spinboot.o
 .text          0x00000000000007f8        0x0 /opt/parallax/lib/gcc/propeller-elf/4.6.1/cmm/short-doubles/_crt0.o
 .text          0x00000000000007f8        0x0 /opt/parallax/lib/gcc/propeller-elf/4.6.1/cmm/short-doubles/_crtbegin.o
 .text          0x00000000000007f8      0x2d4 /tmp/cceYxY2J.o
                0x00000000000007f8                _stopDead
                0x0000000000000831                _ledDist
                0x00000000000008cb                _integralTerm
                0x0000000000000908                _diffTerm
                0x0000000000000957                _followWall
                0x0000000000000ab2                _followLeftWall
 .text          0x0000000000000acc      0x364 /tmp/ccHpwH7z.o
                0x0000000000000acc                _init
                0x0000000000000b13                _calcPosition
                0x0000000000000dac                _printPosition
 .text          0x0000000000000e30       0x14 /tmp/ccE8nJeq.o
                0x0000000000000e30                _main
 .text          0x0000000000000e44       0x7c /opt/parallax/lib/gcc/propeller-elf/4.6.1/../../../../propeller-elf/lib/cmm/short-doubles/libm.a(s_cosf.o)
                0x0000000000000e44                _cosf
                0x0000000000000e44                _cos
 .text          0x0000000000000ec0       0x7c /opt/parallax/lib/gcc/propeller-elf/4.6.1/../../../../propeller-elf/lib/cmm/short-doubles/libm.a(s_sinf.o)
                0x0000000000000ec0                _sinf
                0x0000000000000ec0                _sin
 .text          0x0000000000000f3c      0x110 /opt/parallax/lib/gcc/propeller-elf/4.6.1/../../../../propeller-elf/lib/cmm/short-doubles/libm.a(k_cosf.o)
                0x0000000000000f3c                ___kernel_cosf
 .text          0x000000000000104c       0xcc /opt/parallax/lib/gcc/propeller-elf/4.6.1/../../../../propeller-elf/lib/cmm/short-doubles/libm.a(k_sinf.o)
                0x000000000000104c                ___kernel_sinf
 .text          0x0000000000001118      0x2c4 /opt/parallax/lib/gcc/propeller-elf/4.6.1/../../../../propeller-elf/lib/cmm/short-doubles/libm.a(e_rem_pio2f.o)
                0x0000000000001118                ___ieee754_rem_pio2f
 .text          0x00000000000013dc      0x8bc /opt/parallax/lib/gcc/propeller-elf/4.6.1/../../../../propeller-elf/lib/cmm/short-doubles/libm.a(k_rem_pio2f.o)
                0x00000000000013dc                ___kernel_rem_pio2f
 .text          0x0000000000001c98       0x84 /opt/parallax/lib/gcc/propeller-elf/4.6.1/../../../../propeller-elf/lib/cmm/short-doubles/libm.a(s_floorf.o)
                0x0000000000001c98                _floorf
                0x0000000000001c98                _floor
 .text          0x0000000000001d1c       0xd8 /opt/parallax/lib/gcc/propeller-elf/4.6.1/../../../../propeller-elf/lib/cmm/short-doubles/libm.a(s_scalbnf.o)
                0x0000000000001d1c                _scalbnf
                0x0000000000001d1c                _ldexpf
                0x0000000000001d1c                _ldexp
 .text          0x0000000000001df4       0x68 /home/alexis/dev/robotics/lib/Utility/libsimpletools/cmm//libsimpletools.a(freqout.o)
                0x0000000000001df4                _freqout
 .text          0x0000000000001e5c       0x1c /home/alexis/dev/robotics/lib/Utility/libsimpletools/cmm//libsimpletools.a(input.o)
                0x0000000000001e5c                _input
 .text          0x0000000000001e78       0x1c /home/alexis/dev/robotics/lib/Utility/libsimpletools/cmm//libsimpletools.a(low.o)
                0x0000000000001e78                _low
 .text          0x0000000000001e94       0x14 /home/alexis/dev/robotics/lib/Utility/libsimpletools/cmm//libsimpletools.a(pause.o)
                0x0000000000001e94                _pause
 .text          0x0000000000001ea8       0x38 /home/alexis/dev/robotics/lib/Utility/libsimpletools/cmm//libsimpletools.a(sddriverconfig.o)
                0x0000000000001ea8                _sd_mount
 .text          0x0000000000001ee0      0x1e4 /home/alexis/dev/robotics/lib/Utility/libsimpletools/cmm//libsimpletools.a(squareWave.o)
                0x0000000000001ee0                _square_wave_cog
                0x0000000000001fba                _square_wave_stop
                0x0000000000001fe3                _int_fraction
                0x000000000000200c                _square_wave_setup
                0x0000000000002064                _square_wave
 .text          0x00000000000020c4       0x40 /home/alexis/dev/robotics/lib/Utility/libsimpletools/cmm//libsimpletools.a(timeTicks.o)
                0x00000000000020c4                _timeTicksSetup
 .text          0x0000000000002104       0x20 /home/alexis/dev/robotics/lib/Utility/libsimpletools/cmm//libsimpletools.a(addfiledriver.o)
                0x0000000000002104                _add_driver
 .text          0x0000000000002124       0x20 /home/alexis/dev/robotics/lib/Robotics/ActivityBot/libabdrive/cmm//libabdrive.a(getticks.o)
                0x0000000000002124                _drive_getTicks
                0x0000000000002133                _drive_getTicksCalc
 .text          0x0000000000002144      0xbe0 /home/alexis/dev/robotics/lib/Robotics/ActivityBot/libabdrive/cmm//libabdrive.a(abdrive.o)
                0x0000000000002144                _drive_close
                0x0000000000002157                _drive_setMaxSpeed
                0x000000000000215d                _drive_setRampStep
                0x0000000000002163                _drive_feedback
                0x0000000000002169                _drive_trim
                0x000000000000216f                _drive_com
                0x00000000000021bd                _interpolation_table_setup
                0x00000000000023cd                _interpolate
                0x00000000000024dc                _encoders
                0x0000000000002bed                _set_drive_speed
                0x0000000000002c6b                _drive_open
                0x0000000000002c85                _drive_speed
 .text          0x0000000000002d24       0x38 /home/alexis/dev/robotics/lib/Utility/libsimpletools/cmm//libsimpletools.a(eeprom_getByte.o)
                0x0000000000002d24                _ee_getByte
 .text          0x0000000000002d5c       0x30 /home/alexis/dev/robotics/lib/Utility/libsimpletools/cmm//libsimpletools.a(eeprom_getInt.o)
                0x0000000000002d5c                _ee_getInt
 .text          0x0000000000002d8c       0x30 /home/alexis/dev/robotics/lib/Utility/libsimpletools/cmm//libsimpletools.a(eeprom_getStr.o)
                0x0000000000002d8c                _ee_getStr
 .text          0x0000000000002dbc        0x0 /home/alexis/dev/robotics/lib/Utility/libsimpletools/cmm//libsimpletools.a(i2c_in.o)
 .text          0x0000000000002dbc       0x18 /home/alexis/dev/robotics/lib/Utility/libsimpletools/cmm//libsimpletools.a(eeprom_init.o)
                0x0000000000002dbc                _ee_init
 .text          0x0000000000002dd4       0x18 /home/alexis/dev/robotics/lib/Utility/libsimpletools/cmm//libsimpletools.a(endianSwap.o)
                0x0000000000002dd4                _endianSwap
 .text          0x0000000000002dec       0x2c /home/alexis/dev/robotics/lib/Utility/libsimpletools/cmm//libsimpletools.a(i2c_init.o)
                0x0000000000002dec                _i2c_newbus
 .text          0x0000000000002e18        0x0 /home/alexis/dev/robotics/lib/Protocol/libsimplei2c/cmm//libsimplei2c.a(simplei2c.o)
 .text          0x0000000000002e18       0x2c /home/alexis/dev/robotics/lib/Sensor/libping/cmm/libping.a(ping.o)
                0x0000000000002e18                _ping
                0x0000000000002e2f                _ping_cm
                0x0000000000002e39                _ping_inches
 .text          0x0000000000002e44       0xc4 /home/alexis/dev/robotics/lib/Utility/libsimpletools/cmm//libsimpletools.a(pulseIn.o)
                0x0000000000002e44                _pulse_in
 .text          0x0000000000002f08       0xa0 /home/alexis/dev/robotics/lib/Utility/libsimpletools/cmm//libsimpletools.a(pulseOut.o)
                0x0000000000002f08                _pulse_out
 .text          0x0000000000002fa8       0x18 /home/alexis/dev/robotics/lib/Utility/libsimpletools/cmm//libsimpletools.a(setOutput.o)
                0x0000000000002fa8                _set_output
 .text          0x0000000000002fc0        0xc /home/alexis/dev/robotics/lib/Utility/libsimpletools/cmm//libsimpletools.a(getOutput.o)
                0x0000000000002fc0                _get_output
 .text          0x0000000000002fcc        0xc /home/alexis/dev/robotics/lib/Utility/libsimpletools/cmm//libsimpletools.a(getState.o)
                0x0000000000002fcc                _get_state
 .text          0x0000000000002fd8      0x370 /opt/parallax/lib/gcc/propeller-elf/4.6.1/cmm/short-doubles/libgcc.a(addsf3.o)
                0x0000000000002fd8                ___addsf3
 .text          0x0000000000003348      0x200 /opt/parallax/lib/gcc/propeller-elf/4.6.1/cmm/short-doubles/libgcc.a(divsf3.o)
                0x0000000000003348                ___divsf3
 .text          0x0000000000003548       0x58 /opt/parallax/lib/gcc/propeller-elf/4.6.1/cmm/short-doubles/libgcc.a(eqsf2.o)
                0x0000000000003548                ___nesf2
                0x0000000000003548                ___eqsf2
 .text          0x00000000000035a0       0x9c /opt/parallax/lib/gcc/propeller-elf/4.6.1/cmm/short-doubles/libgcc.a(gesf2.o)
                0x00000000000035a0                ___gtsf2
                0x00000000000035a0                ___gesf2
 .text          0x000000000000363c      0x240 /opt/parallax/lib/gcc/propeller-elf/4.6.1/cmm/short-doubles/libgcc.a(mulsf3.o)
                0x000000000000363c                ___mulsf3
 .text          0x000000000000387c      0x390 /opt/parallax/lib/gcc/propeller-elf/4.6.1/cmm/short-doubles/libgcc.a(subsf3.o)
                0x000000000000387c                ___subsf3
 .text          0x0000000000003c0c       0x4c /opt/parallax/lib/gcc/propeller-elf/4.6.1/cmm/short-doubles/libgcc.a(fixsfsi.o)
                0x0000000000003c0c                ___fixsfsi
 .text          0x0000000000003c58       0xb0 /opt/parallax/lib/gcc/propeller-elf/4.6.1/cmm/short-doubles/libgcc.a(floatsisf.o)
                0x0000000000003c58                ___floatsisf
 .text          0x0000000000003d08       0xa4 /opt/parallax/lib/gcc/propeller-elf/4.6.1/../../../../propeller-elf/lib/cmm/short-doubles/libc.a(fopen.o)
                0x0000000000003d08                ___fopen_findslot
                0x0000000000003d55                _fopen
 .text          0x0000000000003dac      0x17c /opt/parallax/lib/gcc/propeller-elf/4.6.1/../../../../propeller-elf/lib/cmm/short-doubles/libc.a(fopen_intern.o)
                0x0000000000003dac                ___fopen_driver
                0x0000000000003e99                _fclose
 .text          0x0000000000003f28      0x120 /opt/parallax/lib/gcc/propeller-elf/4.6.1/../../../../propeller-elf/lib/cmm/short-doubles/libc.a(fwrite.o)
                0x0000000000003f28                _fwrite
 .text          0x0000000000004048       0x50 /opt/parallax/lib/gcc/propeller-elf/4.6.1/../../../../propeller-elf/lib/cmm/short-doubles/libc.a(init_io.o)
                0x0000000000004048                __InitIO
 .text          0x0000000000004098        0x8 /opt/parallax/lib/gcc/propeller-elf/4.6.1/../../../../propeller-elf/lib/cmm/short-doubles/libc.a(abort.o)
                0x0000000000004098                _abort
 .text          0x00000000000040a0        0x4 /opt/parallax/lib/gcc/propeller-elf/4.6.1/../../../../propeller-elf/lib/cmm/short-doubles/libc.a(thread.o)
 .text          0x00000000000040a4       0x48 /opt/parallax/lib/gcc/propeller-elf/4.6.1/../../../../propeller-elf/lib/cmm/short-doubles/libc.a(cogstart.o)
                0x00000000000040a4                _cogstart
 .text          0x00000000000040ec       0x80 /opt/parallax/lib/gcc/propeller-elf/4.6.1/../../../../propeller-elf/lib/cmm/short-doubles/libc.a(memcpy.o)
                0x00000000000040ec                _memcpy
 .text          0x000000000000416c       0x9c /opt/parallax/lib/gcc/propeller-elf/4.6.1/../../../../propeller-elf/lib/cmm/short-doubles/libc.a(memset.o)
                0x000000000000416c                _memset
 .text          0x0000000000004208       0x10 /opt/parallax/lib/gcc/propeller-elf/4.6.1/../../../../propeller-elf/lib/cmm/short-doubles/libc.a(strlen.o)
                0x0000000000004208                _strlen
 .text          0x0000000000004218       0x84 /opt/parallax/lib/gcc/propeller-elf/4.6.1/../../../../propeller-elf/lib/cmm/short-doubles/libc.a(strncmp.o)
                0x0000000000004218                _strncmp
 .text          0x000000000000429c      0x1c4 /opt/parallax/lib/gcc/propeller-elf/4.6.1/../../../../propeller-elf/lib/cmm/short-doubles/libc.a(SimpleSerial.o)
 .text          0x0000000000004460        0x0 /opt/parallax/lib/gcc/propeller-elf/4.6.1/../../../../propeller-elf/lib/cmm/short-doubles/libc.a(serialparam.o)
 .text          0x0000000000004460        0x0 /opt/parallax/lib/gcc/propeller-elf/4.6.1/../../../../propeller-elf/lib/cmm/short-doubles/libc.a(terminal.o)
 .text          0x0000000000004460      0x3dc /opt/parallax/lib/gcc/propeller-elf/4.6.1/../../../../propeller-elf/lib/cmm/short-doubles/libc.a(FileDriver.o)
                0x00000000000044ad                _dfs_stdio_errno
                0x000000000000453f                _mount_complete
                0x00000000000045bd                _dfs_mount_defaults
                0x00000000000045e1                _dfs_resolve_path
 .text          0x000000000000483c       0xe0 /opt/parallax/lib/gcc/propeller-elf/4.6.1/../../../../propeller-elf/lib/cmm/short-doubles/libc.a(mount.o)
                0x000000000000483c                _dfs_mount
 .text          0x000000000000491c      0xff4 /opt/parallax/lib/gcc/propeller-elf/4.6.1/../../../../propeller-elf/lib/cmm/short-doubles/libc.a(dosfs.o)
                0x000000000000491c                _dfs_setDefaultFileDateTime
                0x000000000000495c                _DFS_SetDirEntDateTime
                0x00000000000049a3                _DFS_SetStartCluster
                0x00000000000049ca                _DFS_GetVolInfo
                0x0000000000004b38                _DFS_GetFAT
                0x0000000000004be4                _DFS_SetFAT
                0x0000000000004cb3                _DFS_CanonicalToDir
                0x0000000000004d09                _DFS_GetFreeFAT
                0x0000000000004d41                _DFS_GetNext
                0x0000000000004e75                _DFS_OpenDir
                0x0000000000004ff8                _DFS_GetFreeDirEnt
                0x00000000000050f3                _DFS_OpenFile
                0x0000000000005372                _DFS_ReadFile
                0x00000000000054ed                _DFS_Seek
                0x00000000000055dc                _DFS_UnlinkFile
                0x000000000000567b                _DFS_WriteFile
 .text          0x0000000000005910      0x128 /opt/parallax/lib/gcc/propeller-elf/4.6.1/../../../../propeller-elf/lib/cmm/short-doubles/libc.a(file_io.o)
                0x0000000000005910                _dfs_use_lock
                0x000000000000592c                _DFS_InitFileIO
                0x000000000000596b                _DFS_ReadSector
                0x00000000000059da                _DFS_WriteSector
 .text          0x0000000000005a38       0x44 /opt/parallax/lib/gcc/propeller-elf/4.6.1/../../../../propeller-elf/lib/cmm/short-doubles/libc.a(load_sd_driver.o)
                0x0000000000005a38                _LoadSDDriver
 .text          0x0000000000005a7c        0x0 /opt/parallax/lib/gcc/propeller-elf/4.6.1/../../../../propeller-elf/lib/cmm/short-doubles/libc.a(sd_driver.o)
 .text          0x0000000000005a7c       0xe0 /opt/parallax/lib/gcc/propeller-elf/4.6.1/../../../../propeller-elf/lib/cmm/short-doubles/libc.a(fflush.o)
                0x0000000000005b37                _fflush
 .text          0x0000000000005b5c      0x150 /opt/parallax/lib/gcc/propeller-elf/4.6.1/../../../../propeller-elf/lib/cmm/short-doubles/libc.a(malloc.o)
                0x0000000000005c07                __common_malloc
                0x0000000000005c7b                _hubmalloc
                0x0000000000005c87                _malloc
                0x0000000000005c93                _free
                0x0000000000005c9f                _hubfree
 .text          0x0000000000005cac       0x50 /opt/parallax/lib/gcc/propeller-elf/4.6.1/../../../../propeller-elf/lib/cmm/short-doubles/libc.a(atoi.o)
                0x0000000000005cac                _atoi
                0x0000000000005cac                _atol
 .text          0x0000000000005cfc        0x8 /opt/parallax/lib/gcc/propeller-elf/4.6.1/../../../../propeller-elf/lib/cmm/short-doubles/libc.a(div.o)
                0x0000000000005cfc                _ldiv
                0x0000000000005cfc                _div
 .text          0x0000000000005d04        0x0 /opt/parallax/lib/gcc/propeller-elf/4.6.1/../../../../propeller-elf/lib/cmm/short-doubles/libc.a(ctype.o)
 .text          0x0000000000005d04        0xc /opt/parallax/lib/gcc/propeller-elf/4.6.1/../../../../propeller-elf/lib/cmm/short-doubles/libc.a(sbrk.o)
                0x0000000000005d04                _sbrk
                0x0000000000005d04                __hubsbrk
                0x0000000000005d04                __sbrk
 .text          0x0000000000005d10       0x1c /opt/parallax/lib/gcc/propeller-elf/4.6.1/../../../../propeller-elf/lib/cmm/short-doubles/libc.a(memcmp.o)
                0x0000000000005d10                _memcmp
 .text          0x0000000000005d2c       0x1c /opt/parallax/lib/gcc/propeller-elf/4.6.1/../../../../propeller-elf/lib/cmm/short-doubles/libc.a(strcat.o)
                0x0000000000005d2c                _strcat
 .text          0x0000000000005d48       0x68 /opt/parallax/lib/gcc/propeller-elf/4.6.1/../../../../propeller-elf/lib/cmm/short-doubles/libc.a(strcmp.o)
                0x0000000000005d48                _strcmp
 .text          0x0000000000005db0       0x2c /opt/parallax/lib/gcc/propeller-elf/4.6.1/../../../../propeller-elf/lib/cmm/short-doubles/libc.a(strcpy.o)
                0x0000000000005db0                _strcpy
 .text          0x0000000000005ddc       0x54 /opt/parallax/lib/gcc/propeller-elf/4.6.1/../../../../propeller-elf/lib/cmm/short-doubles/libc.a(strncpy.o)
                0x0000000000005ddc                _strncpy
 .text          0x0000000000005e30        0x0 /opt/parallax/lib/gcc/propeller-elf/4.6.1/cmm/short-doubles/_crtend.o
                0x0000000000005e30                _etext = .

.cogsys1        0x0000000000000000      0x52c load address 0x0000000000005e30
 .cogsys1       0x0000000000000000      0x52c /opt/parallax/lib/gcc/propeller-elf/4.6.1/../../../../propeller-elf/lib/cmm/short-doubles/libc.a(sd_driver.o)

.fini           0x000000000000635c       0x30
 *(.fini*)
 .fini          0x000000000000635c       0x1c /opt/parallax/lib/gcc/propeller-elf/4.6.1/cmm/short-doubles/_crtbegin.o
                0x000000000000635c                _exit
 .fini          0x0000000000006378       0x14 /opt/parallax/lib/gcc/propeller-elf/4.6.1/cmm/short-doubles/_crtend.o
                0x000000000000637a                __exit
                0x000000000000637a                __Exit
                0x0000000000006386                __ExitHook

.hub            0x000000000000638c      0xc88
 *(.hubstart)
 *(.hubtext*)
 .hubtext       0x000000000000638c       0xec /home/alexis/dev/robotics/lib/Utility/libsimpletools/cmm//libsimpletools.a(i2c_in.o)
                0x000000000000638c                _i2c_in
 .hubtext       0x0000000000006478      0x27c /home/alexis/dev/robotics/lib/Protocol/libsimplei2c/cmm//libsimplei2c.a(simplei2c.o)
                0x00000000000064cc                _i2c_start
                0x000000000000652f                _i2c_stop
                0x000000000000656d                _i2c_open
                0x000000000000659d                _i2c_writeByte
                0x0000000000006601                _i2c_readByte
                0x000000000000668e                _i2c_writeData
                0x00000000000066b5                _i2c_readData
                0x00000000000066e1                _i2c_poll
 .hubtext       0x00000000000066f4      0x134 /opt/parallax/lib/gcc/propeller-elf/4.6.1/../../../../propeller-elf/lib/cmm/short-doubles/libc.a(terminal.o)
                0x00000000000066f4                __term_write
                0x0000000000006740                __term_read
 .hubtext       0x0000000000006828       0x14 /opt/parallax/lib/gcc/propeller-elf/4.6.1/../../../../propeller-elf/lib/cmm/short-doubles/libc.a(file_io.o)
 *(.hubdata*)
 *(.hub)
 .hub           0x000000000000683c      0x200 /opt/parallax/lib/gcc/propeller-elf/4.6.1/../../../../propeller-elf/lib/cmm/short-doubles/libc.a(FileDriver.o)
                0x000000000000683c                _dfs_scratch
 .hub           0x0000000000006a3c        0x8 /opt/parallax/lib/gcc/propeller-elf/4.6.1/../../../../propeller-elf/lib/cmm/short-doubles/libc.a(file_io.o)
 .hub           0x0000000000006a44        0x8 /opt/parallax/lib/gcc/propeller-elf/4.6.1/../../../../propeller-elf/lib/cmm/short-doubles/libc.a(load_sd_driver.o)
 *(.data)
 .data          0x0000000000006a4c        0x0 /opt/parallax/lib/gcc/propeller-elf/4.6.1/cmm/short-doubles/spinboot.o
 .data          0x0000000000006a4c        0x0 /opt/parallax/lib/gcc/propeller-elf/4.6.1/cmm/short-doubles/_crt0.o
 .data          0x0000000000006a4c        0x0 /opt/parallax/lib/gcc/propeller-elf/4.6.1/cmm/short-doubles/_crtbegin.o
 .data          0x0000000000006a4c        0x0 /tmp/cceYxY2J.o
 .data          0x0000000000006a4c       0x1c /tmp/ccHpwH7z.o
 .data          0x0000000000006a68        0x0 /tmp/ccE8nJeq.o
 .data          0x0000000000006a68        0x4 /opt/parallax/lib/gcc/propeller-elf/4.6.1/../../../../propeller-elf/lib/cmm/short-doubles/libm.a(s_cosf.o)
 .data          0x0000000000006a6c        0x4 /opt/parallax/lib/gcc/propeller-elf/4.6.1/../../../../propeller-elf/lib/cmm/short-doubles/libm.a(s_sinf.o)
 .data          0x0000000000006a70        0x8 /opt/parallax/lib/gcc/propeller-elf/4.6.1/../../../../propeller-elf/lib/cmm/short-doubles/libm.a(k_cosf.o)
 .data          0x0000000000006a78        0x0 /opt/parallax/lib/gcc/propeller-elf/4.6.1/../../../../propeller-elf/lib/cmm/short-doubles/libm.a(k_sinf.o)
 .data          0x0000000000006a78      0x398 /opt/parallax/lib/gcc/propeller-elf/4.6.1/../../../../propeller-elf/lib/cmm/short-doubles/libm.a(e_rem_pio2f.o)
 .data          0x0000000000006e10       0x40 /opt/parallax/lib/gcc/propeller-elf/4.6.1/../../../../propeller-elf/lib/cmm/short-doubles/libm.a(k_rem_pio2f.o)
 .data          0x0000000000006e50        0x0 /opt/parallax/lib/gcc/propeller-elf/4.6.1/../../../../propeller-elf/lib/cmm/short-doubles/libm.a(s_floorf.o)
 .data          0x0000000000006e50       0x10 /opt/parallax/lib/gcc/propeller-elf/4.6.1/../../../../propeller-elf/lib/cmm/short-doubles/libm.a(s_scalbnf.o)
 .data          0x0000000000006e60        0x0 /home/alexis/dev/robotics/lib/Utility/libsimpletools/cmm//libsimpletools.a(freqout.o)
 .data          0x0000000000006e60        0x0 /home/alexis/dev/robotics/lib/Utility/libsimpletools/cmm//libsimpletools.a(input.o)
 .data          0x0000000000006e60        0x0 /home/alexis/dev/robotics/lib/Utility/libsimpletools/cmm//libsimpletools.a(low.o)
 .data          0x0000000000006e60        0x0 /home/alexis/dev/robotics/lib/Utility/libsimpletools/cmm//libsimpletools.a(pause.o)
 .data          0x0000000000006e60        0x0 /home/alexis/dev/robotics/lib/Utility/libsimpletools/cmm//libsimpletools.a(sddriverconfig.o)
 .data          0x0000000000006e60        0x0 /home/alexis/dev/robotics/lib/Utility/libsimpletools/cmm//libsimpletools.a(squareWave.o)
 .data          0x0000000000006e60        0x0 /home/alexis/dev/robotics/lib/Utility/libsimpletools/cmm//libsimpletools.a(timeTicks.o)
 .data          0x0000000000006e60       0x44 /home/alexis/dev/robotics/lib/Utility/libsimpletools/cmm//libsimpletools.a(addfiledriver.o)
                0x0000000000006e60                __driverlist
                0x0000000000006ea0                _DRIVER_LIST_SIZE
 .data          0x0000000000006ea4        0x0 /home/alexis/dev/robotics/lib/Robotics/ActivityBot/libabdrive/cmm//libabdrive.a(getticks.o)
 .data          0x0000000000006ea4       0x28 /home/alexis/dev/robotics/lib/Robotics/ActivityBot/libabdrive/cmm//libabdrive.a(abdrive.o)
                0x0000000000006ea4                _abd_ePinR
                0x0000000000006ea8                _abd_ePinL
                0x0000000000006eac                _abd_sPinR
                0x0000000000006eb0                _abd_sPinL
                0x0000000000006eb4                _abd_dsr
                0x0000000000006eb8                _abd_zeroDelay
                0x0000000000006ebc                _abd_speedLimit
                0x0000000000006ec0                _abd_rampStep
 .data          0x0000000000006ecc        0x0 /home/alexis/dev/robotics/lib/Utility/libsimpletools/cmm//libsimpletools.a(eeprom_getByte.o)
 .data          0x0000000000006ecc        0x0 /home/alexis/dev/robotics/lib/Utility/libsimpletools/cmm//libsimpletools.a(eeprom_getInt.o)
 .data          0x0000000000006ecc        0x0 /home/alexis/dev/robotics/lib/Utility/libsimpletools/cmm//libsimpletools.a(eeprom_getStr.o)
 .data          0x0000000000006ecc        0x0 /home/alexis/dev/robotics/lib/Utility/libsimpletools/cmm//libsimpletools.a(i2c_in.o)
 .data          0x0000000000006ecc        0x0 /home/alexis/dev/robotics/lib/Utility/libsimpletools/cmm//libsimpletools.a(eeprom_init.o)
 .data          0x0000000000006ecc        0x0 /home/alexis/dev/robotics/lib/Utility/libsimpletools/cmm//libsimpletools.a(endianSwap.o)
 .data          0x0000000000006ecc        0x0 /home/alexis/dev/robotics/lib/Utility/libsimpletools/cmm//libsimpletools.a(i2c_init.o)
 .data          0x0000000000006ecc        0x0 /home/alexis/dev/robotics/lib/Protocol/libsimplei2c/cmm//libsimplei2c.a(simplei2c.o)
 .data          0x0000000000006ecc        0x0 /home/alexis/dev/robotics/lib/Sensor/libping/cmm/libping.a(ping.o)
 .data          0x0000000000006ecc        0x0 /home/alexis/dev/robotics/lib/Utility/libsimpletools/cmm//libsimpletools.a(pulseIn.o)
 .data          0x0000000000006ecc        0x0 /home/alexis/dev/robotics/lib/Utility/libsimpletools/cmm//libsimpletools.a(pulseOut.o)
 .data          0x0000000000006ecc        0x0 /home/alexis/dev/robotics/lib/Utility/libsimpletools/cmm//libsimpletools.a(setOutput.o)
 .data          0x0000000000006ecc        0x0 /home/alexis/dev/robotics/lib/Utility/libsimpletools/cmm//libsimpletools.a(getOutput.o)
 .data          0x0000000000006ecc        0x0 /home/alexis/dev/robotics/lib/Utility/libsimpletools/cmm//libsimpletools.a(getState.o)
 .data          0x0000000000006ecc        0x0 /opt/parallax/lib/gcc/propeller-elf/4.6.1/cmm/short-doubles/libgcc.a(addsf3.o)
 .data          0x0000000000006ecc        0x0 /opt/parallax/lib/gcc/propeller-elf/4.6.1/cmm/short-doubles/libgcc.a(divsf3.o)
 .data          0x0000000000006ecc        0x0 /opt/parallax/lib/gcc/propeller-elf/4.6.1/cmm/short-doubles/libgcc.a(eqsf2.o)
 .data          0x0000000000006ecc        0x0 /opt/parallax/lib/gcc/propeller-elf/4.6.1/cmm/short-doubles/libgcc.a(gesf2.o)
 .data          0x0000000000006ecc        0x0 /opt/parallax/lib/gcc/propeller-elf/4.6.1/cmm/short-doubles/libgcc.a(mulsf3.o)
 .data          0x0000000000006ecc        0x0 /opt/parallax/lib/gcc/propeller-elf/4.6.1/cmm/short-doubles/libgcc.a(subsf3.o)
 .data          0x0000000000006ecc        0x0 /opt/parallax/lib/gcc/propeller-elf/4.6.1/cmm/short-doubles/libgcc.a(fixsfsi.o)
 .data          0x0000000000006ecc        0x0 /opt/parallax/lib/gcc/propeller-elf/4.6.1/cmm/short-doubles/libgcc.a(floatsisf.o)
 .data          0x0000000000006ecc        0x0 /opt/parallax/lib/gcc/propeller-elf/4.6.1/../../../../propeller-elf/lib/cmm/short-doubles/libc.a(fopen.o)
 .data          0x0000000000006ecc        0x4 /opt/parallax/lib/gcc/propeller-elf/4.6.1/../../../../propeller-elf/lib/cmm/short-doubles/libc.a(fopen_intern.o)
                0x0000000000006ecc                ___dummy
 .data          0x0000000000006ed0        0x0 /opt/parallax/lib/gcc/propeller-elf/4.6.1/../../../../propeller-elf/lib/cmm/short-doubles/libc.a(fwrite.o)
 .data          0x0000000000006ed0        0xc /opt/parallax/lib/gcc/propeller-elf/4.6.1/../../../../propeller-elf/lib/cmm/short-doubles/libc.a(init_io.o)
 .data          0x0000000000006edc        0x0 /opt/parallax/lib/gcc/propeller-elf/4.6.1/../../../../propeller-elf/lib/cmm/short-doubles/libc.a(abort.o)
 .data          0x0000000000006edc        0x4 /opt/parallax/lib/gcc/propeller-elf/4.6.1/../../../../propeller-elf/lib/cmm/short-doubles/libc.a(thread.o)
                0x0000000000006edc                ___yield_ptr
 .data          0x0000000000006ee0        0x0 /opt/parallax/lib/gcc/propeller-elf/4.6.1/../../../../propeller-elf/lib/cmm/short-doubles/libc.a(cogstart.o)
 .data          0x0000000000006ee0        0x0 /opt/parallax/lib/gcc/propeller-elf/4.6.1/../../../../propeller-elf/lib/cmm/short-doubles/libc.a(memcpy.o)
 .data          0x0000000000006ee0        0x0 /opt/parallax/lib/gcc/propeller-elf/4.6.1/../../../../propeller-elf/lib/cmm/short-doubles/libc.a(memset.o)
 .data          0x0000000000006ee0        0x0 /opt/parallax/lib/gcc/propeller-elf/4.6.1/../../../../propeller-elf/lib/cmm/short-doubles/libc.a(strlen.o)
 .data          0x0000000000006ee0        0x0 /opt/parallax/lib/gcc/propeller-elf/4.6.1/../../../../propeller-elf/lib/cmm/short-doubles/libc.a(strncmp.o)
 .data          0x0000000000006ee0       0x2c /opt/parallax/lib/gcc/propeller-elf/4.6.1/../../../../propeller-elf/lib/cmm/short-doubles/libc.a(SimpleSerial.o)
                0x0000000000006ee0                __SimpleSerialDriver
                0x0000000000006f04                __SimpleSerialPrefix
 .data          0x0000000000006f0c        0xc /opt/parallax/lib/gcc/propeller-elf/4.6.1/../../../../propeller-elf/lib/cmm/short-doubles/libc.a(serialparam.o)
                0x0000000000006f0c                __baud
                0x0000000000006f10                __txpin
                0x0000000000006f14                __rxpin
 .data          0x0000000000006f18        0x0 /opt/parallax/lib/gcc/propeller-elf/4.6.1/../../../../propeller-elf/lib/cmm/short-doubles/libc.a(terminal.o)
 .data          0x0000000000006f18       0x54 /opt/parallax/lib/gcc/propeller-elf/4.6.1/../../../../propeller-elf/lib/cmm/short-doubles/libc.a(FileDriver.o)
                0x0000000000006f3c                __cfg_sdspi_config2
                0x0000000000006f40                __cfg_sdspi_config1
                0x0000000000006f44                __FileDriver
 .data          0x0000000000006f6c        0x0 /opt/parallax/lib/gcc/propeller-elf/4.6.1/../../../../propeller-elf/lib/cmm/short-doubles/libc.a(mount.o)
 .data          0x0000000000006f6c        0x8 /opt/parallax/lib/gcc/propeller-elf/4.6.1/../../../../propeller-elf/lib/cmm/short-doubles/libc.a(dosfs.o)
                0x0000000000006f6c                _DefaultFileDate
                0x0000000000006f70                _DefaultFileTime
 .data          0x0000000000006f74        0x0 /opt/parallax/lib/gcc/propeller-elf/4.6.1/../../../../propeller-elf/lib/cmm/short-doubles/libc.a(file_io.o)
 .data          0x0000000000006f74        0x0 /opt/parallax/lib/gcc/propeller-elf/4.6.1/../../../../propeller-elf/lib/cmm/short-doubles/libc.a(load_sd_driver.o)
 .data          0x0000000000006f74        0x4 /opt/parallax/lib/gcc/propeller-elf/4.6.1/../../../../propeller-elf/lib/cmm/short-doubles/libc.a(sd_driver.o)
                0x0000000000006f74                _sd_driver_array
 .data          0x0000000000006f78        0x0 /opt/parallax/lib/gcc/propeller-elf/4.6.1/../../../../propeller-elf/lib/cmm/short-doubles/libc.a(fflush.o)
 .data          0x0000000000006f78       0x10 /opt/parallax/lib/gcc/propeller-elf/4.6.1/../../../../propeller-elf/lib/cmm/short-doubles/libc.a(malloc.o)
                0x0000000000006f78                __hub_malloc_heap
                0x0000000000006f80                __malloc_heap
 .data          0x0000000000006f88        0x0 /opt/parallax/lib/gcc/propeller-elf/4.6.1/../../../../propeller-elf/lib/cmm/short-doubles/libc.a(atoi.o)
 .data          0x0000000000006f88        0x0 /opt/parallax/lib/gcc/propeller-elf/4.6.1/../../../../propeller-elf/lib/cmm/short-doubles/libc.a(div.o)
 .data          0x0000000000006f88       0x84 /opt/parallax/lib/gcc/propeller-elf/4.6.1/../../../../propeller-elf/lib/cmm/short-doubles/libc.a(ctype.o)
                0x0000000000006f88                ___ctype
 .data          0x000000000000700c        0x4 /opt/parallax/lib/gcc/propeller-elf/4.6.1/../../../../propeller-elf/lib/cmm/short-doubles/libc.a(sbrk.o)
                0x000000000000700c                __heap_base
 .data          0x0000000000007010        0x0 /opt/parallax/lib/gcc/propeller-elf/4.6.1/../../../../propeller-elf/lib/cmm/short-doubles/libc.a(memcmp.o)
 .data          0x0000000000007010        0x0 /opt/parallax/lib/gcc/propeller-elf/4.6.1/../../../../propeller-elf/lib/cmm/short-doubles/libc.a(strcat.o)
 .data          0x0000000000007010        0x0 /opt/parallax/lib/gcc/propeller-elf/4.6.1/../../../../propeller-elf/lib/cmm/short-doubles/libc.a(strcmp.o)
 .data          0x0000000000007010        0x0 /opt/parallax/lib/gcc/propeller-elf/4.6.1/../../../../propeller-elf/lib/cmm/short-doubles/libc.a(strcpy.o)
 .data          0x0000000000007010        0x0 /opt/parallax/lib/gcc/propeller-elf/4.6.1/../../../../propeller-elf/lib/cmm/short-doubles/libc.a(strncpy.o)
 .data          0x0000000000007010        0x0 /opt/parallax/lib/gcc/propeller-elf/4.6.1/cmm/short-doubles/_crtend.o
 *(.data*)
 *(.rodata)
 *(.rodata*)
 *(.gnu.linkonce.d*)
                0x0000000000007010                PROVIDE (__C_LOCK, .)
                0x0000000000007010        0x4 LONG 0x0

.ctors          0x0000000000007014        0xc
 *(.ctors*)
 .ctors         0x0000000000007014        0x4 /home/alexis/dev/robotics/lib/Utility/libsimpletools/cmm//libsimpletools.a(timeTicks.o)
 .ctors         0x0000000000007018        0x4 /opt/parallax/lib/gcc/propeller-elf/4.6.1/../../../../propeller-elf/lib/cmm/short-doubles/libc.a(init_io.o)
 .ctors         0x000000000000701c        0x4 /opt/parallax/lib/gcc/propeller-elf/4.6.1/cmm/short-doubles/_crtend.o
                0x000000000000701c                __environ
                0x000000000000701c                __argv

.dtors          0x0000000000007020        0xc
 *(.dtors*)
 .dtors         0x0000000000007020        0x4 /opt/parallax/lib/gcc/propeller-elf/4.6.1/../../../../propeller-elf/lib/cmm/short-doubles/libc.a(fopen_intern.o)
 .dtors         0x0000000000007024        0x4 /opt/parallax/lib/gcc/propeller-elf/4.6.1/../../../../propeller-elf/lib/cmm/short-doubles/libc.a(SimpleSerial.o)
 .dtors         0x0000000000007028        0x4 /opt/parallax/lib/gcc/propeller-elf/4.6.1/cmm/short-doubles/_crtend.o

.data           0x000000000000702c        0x0
                0x000000000000702c                . = ALIGN (0x4)

.bss            0x000000000000702c      0xf70
                0x000000000000702c                PROVIDE (__bss_start, .)
 *(.bss)
 .bss           0x000000000000702c        0x0 /opt/parallax/lib/gcc/propeller-elf/4.6.1/cmm/short-doubles/spinboot.o
 .bss           0x000000000000702c        0x0 /opt/parallax/lib/gcc/propeller-elf/4.6.1/cmm/short-doubles/_crt0.o
 .bss           0x000000000000702c        0x0 /opt/parallax/lib/gcc/propeller-elf/4.6.1/cmm/short-doubles/_crtbegin.o
 .bss           0x000000000000702c        0x0 /tmp/cceYxY2J.o
 .bss           0x000000000000702c        0x0 /tmp/ccHpwH7z.o
 .bss           0x000000000000702c        0x0 /tmp/ccE8nJeq.o
 .bss           0x000000000000702c        0x0 /opt/parallax/lib/gcc/propeller-elf/4.6.1/../../../../propeller-elf/lib/cmm/short-doubles/libm.a(s_cosf.o)
 .bss           0x000000000000702c        0x0 /opt/parallax/lib/gcc/propeller-elf/4.6.1/../../../../propeller-elf/lib/cmm/short-doubles/libm.a(s_sinf.o)
 .bss           0x000000000000702c        0x0 /opt/parallax/lib/gcc/propeller-elf/4.6.1/../../../../propeller-elf/lib/cmm/short-doubles/libm.a(k_cosf.o)
 .bss           0x000000000000702c        0x0 /opt/parallax/lib/gcc/propeller-elf/4.6.1/../../../../propeller-elf/lib/cmm/short-doubles/libm.a(k_sinf.o)
 .bss           0x000000000000702c        0x0 /opt/parallax/lib/gcc/propeller-elf/4.6.1/../../../../propeller-elf/lib/cmm/short-doubles/libm.a(e_rem_pio2f.o)
 .bss           0x000000000000702c        0x0 /opt/parallax/lib/gcc/propeller-elf/4.6.1/../../../../propeller-elf/lib/cmm/short-doubles/libm.a(k_rem_pio2f.o)
 .bss           0x000000000000702c        0x0 /opt/parallax/lib/gcc/propeller-elf/4.6.1/../../../../propeller-elf/lib/cmm/short-doubles/libm.a(s_floorf.o)
 .bss           0x000000000000702c        0x0 /opt/parallax/lib/gcc/propeller-elf/4.6.1/../../../../propeller-elf/lib/cmm/short-doubles/libm.a(s_scalbnf.o)
 .bss           0x000000000000702c        0x0 /home/alexis/dev/robotics/lib/Utility/libsimpletools/cmm//libsimpletools.a(freqout.o)
 .bss           0x000000000000702c        0x0 /home/alexis/dev/robotics/lib/Utility/libsimpletools/cmm//libsimpletools.a(input.o)
 .bss           0x000000000000702c        0x0 /home/alexis/dev/robotics/lib/Utility/libsimpletools/cmm//libsimpletools.a(low.o)
 .bss           0x000000000000702c        0x0 /home/alexis/dev/robotics/lib/Utility/libsimpletools/cmm//libsimpletools.a(pause.o)
 .bss           0x000000000000702c       0x30 /home/alexis/dev/robotics/lib/Utility/libsimpletools/cmm//libsimpletools.a(sddriverconfig.o)
 .bss           0x000000000000705c      0x114 /home/alexis/dev/robotics/lib/Utility/libsimpletools/cmm//libsimpletools.a(squareWave.o)
 .bss           0x0000000000007170        0x0 /home/alexis/dev/robotics/lib/Utility/libsimpletools/cmm//libsimpletools.a(timeTicks.o)
 .bss           0x0000000000007170        0x0 /home/alexis/dev/robotics/lib/Utility/libsimpletools/cmm//libsimpletools.a(addfiledriver.o)
 .bss           0x0000000000007170        0x0 /home/alexis/dev/robotics/lib/Robotics/ActivityBot/libabdrive/cmm//libabdrive.a(getticks.o)
 .bss           0x0000000000007170      0x250 /home/alexis/dev/robotics/lib/Robotics/ActivityBot/libabdrive/cmm//libabdrive.a(abdrive.o)
                0x0000000000007170                _xbee_setup
                0x0000000000007174                _abd_record
                0x0000000000007178                _abd_intTabSetup
                0x000000000000717c                _abd_eaR
                0x0000000000007180                _abd_eaL
                0x0000000000007184                _abd_drca
                0x0000000000007188                _abd_dlca
                0x000000000000718c                _abd_ticksR
                0x0000000000007190                _abd_ticksL
                0x0000000000007194                _abd_trimticksB
                0x0000000000007198                _abd_trimticksF
 .bss           0x00000000000073c0        0x0 /home/alexis/dev/robotics/lib/Utility/libsimpletools/cmm//libsimpletools.a(eeprom_getByte.o)
 .bss           0x00000000000073c0        0x0 /home/alexis/dev/robotics/lib/Utility/libsimpletools/cmm//libsimpletools.a(eeprom_getInt.o)
 .bss           0x00000000000073c0        0x0 /home/alexis/dev/robotics/lib/Utility/libsimpletools/cmm//libsimpletools.a(eeprom_getStr.o)
 .bss           0x00000000000073c0        0x0 /home/alexis/dev/robotics/lib/Utility/libsimpletools/cmm//libsimpletools.a(i2c_in.o)
 .bss           0x00000000000073c0        0x0 /home/alexis/dev/robotics/lib/Utility/libsimpletools/cmm//libsimpletools.a(eeprom_init.o)
 .bss           0x00000000000073c0        0x0 /home/alexis/dev/robotics/lib/Utility/libsimpletools/cmm//libsimpletools.a(endianSwap.o)
 .bss           0x00000000000073c0       0xa4 /home/alexis/dev/robotics/lib/Utility/libsimpletools/cmm//libsimpletools.a(i2c_init.o)
                0x00000000000073c0                _st_buscnt
 .bss           0x0000000000007464        0x0 /home/alexis/dev/robotics/lib/Protocol/libsimplei2c/cmm//libsimplei2c.a(simplei2c.o)
 .bss           0x0000000000007464        0x0 /home/alexis/dev/robotics/lib/Sensor/libping/cmm/libping.a(ping.o)
 .bss           0x0000000000007464        0x0 /home/alexis/dev/robotics/lib/Utility/libsimpletools/cmm//libsimpletools.a(pulseIn.o)
 .bss           0x0000000000007464        0x0 /home/alexis/dev/robotics/lib/Utility/libsimpletools/cmm//libsimpletools.a(pulseOut.o)
 .bss           0x0000000000007464        0x0 /home/alexis/dev/robotics/lib/Utility/libsimpletools/cmm//libsimpletools.a(setOutput.o)
 .bss           0x0000000000007464        0x0 /home/alexis/dev/robotics/lib/Utility/libsimpletools/cmm//libsimpletools.a(getOutput.o)
 .bss           0x0000000000007464        0x0 /home/alexis/dev/robotics/lib/Utility/libsimpletools/cmm//libsimpletools.a(getState.o)
 .bss           0x0000000000007464        0x0 /opt/parallax/lib/gcc/propeller-elf/4.6.1/cmm/short-doubles/libgcc.a(addsf3.o)
 .bss           0x0000000000007464        0x0 /opt/parallax/lib/gcc/propeller-elf/4.6.1/cmm/short-doubles/libgcc.a(divsf3.o)
 .bss           0x0000000000007464        0x0 /opt/parallax/lib/gcc/propeller-elf/4.6.1/cmm/short-doubles/libgcc.a(eqsf2.o)
 .bss           0x0000000000007464        0x0 /opt/parallax/lib/gcc/propeller-elf/4.6.1/cmm/short-doubles/libgcc.a(gesf2.o)
 .bss           0x0000000000007464        0x0 /opt/parallax/lib/gcc/propeller-elf/4.6.1/cmm/short-doubles/libgcc.a(mulsf3.o)
 .bss           0x0000000000007464        0x0 /opt/parallax/lib/gcc/propeller-elf/4.6.1/cmm/short-doubles/libgcc.a(subsf3.o)
 .bss           0x0000000000007464        0x0 /opt/parallax/lib/gcc/propeller-elf/4.6.1/cmm/short-doubles/libgcc.a(fixsfsi.o)
 .bss           0x0000000000007464        0x0 /opt/parallax/lib/gcc/propeller-elf/4.6.1/cmm/short-doubles/libgcc.a(floatsisf.o)
 .bss           0x0000000000007464        0x0 /opt/parallax/lib/gcc/propeller-elf/4.6.1/../../../../propeller-elf/lib/cmm/short-doubles/libc.a(fopen.o)
 .bss           0x0000000000007464        0x0 /opt/parallax/lib/gcc/propeller-elf/4.6.1/../../../../propeller-elf/lib/cmm/short-doubles/libc.a(fopen_intern.o)
 .bss           0x0000000000007464        0x0 /opt/parallax/lib/gcc/propeller-elf/4.6.1/../../../../propeller-elf/lib/cmm/short-doubles/libc.a(fwrite.o)
 .bss           0x0000000000007464       0x50 /opt/parallax/lib/gcc/propeller-elf/4.6.1/../../../../propeller-elf/lib/cmm/short-doubles/libc.a(init_io.o)
 .bss           0x00000000000074b4        0x0 /opt/parallax/lib/gcc/propeller-elf/4.6.1/../../../../propeller-elf/lib/cmm/short-doubles/libc.a(abort.o)
 .bss           0x00000000000074b4       0xa8 /opt/parallax/lib/gcc/propeller-elf/4.6.1/../../../../propeller-elf/lib/cmm/short-doubles/libc.a(thread.o)
                0x00000000000074b4                ___napuntil_ptr
 .bss           0x000000000000755c        0x0 /opt/parallax/lib/gcc/propeller-elf/4.6.1/../../../../propeller-elf/lib/cmm/short-doubles/libc.a(cogstart.o)
 .bss           0x000000000000755c        0x0 /opt/parallax/lib/gcc/propeller-elf/4.6.1/../../../../propeller-elf/lib/cmm/short-doubles/libc.a(memcpy.o)
 .bss           0x000000000000755c        0x0 /opt/parallax/lib/gcc/propeller-elf/4.6.1/../../../../propeller-elf/lib/cmm/short-doubles/libc.a(memset.o)
 .bss           0x000000000000755c        0x0 /opt/parallax/lib/gcc/propeller-elf/4.6.1/../../../../propeller-elf/lib/cmm/short-doubles/libc.a(strlen.o)
 .bss           0x000000000000755c        0x0 /opt/parallax/lib/gcc/propeller-elf/4.6.1/../../../../propeller-elf/lib/cmm/short-doubles/libc.a(strncmp.o)
 .bss           0x000000000000755c        0x0 /opt/parallax/lib/gcc/propeller-elf/4.6.1/../../../../propeller-elf/lib/cmm/short-doubles/libc.a(SimpleSerial.o)
 .bss           0x000000000000755c        0x0 /opt/parallax/lib/gcc/propeller-elf/4.6.1/../../../../propeller-elf/lib/cmm/short-doubles/libc.a(serialparam.o)
 .bss           0x000000000000755c        0x0 /opt/parallax/lib/gcc/propeller-elf/4.6.1/../../../../propeller-elf/lib/cmm/short-doubles/libc.a(terminal.o)
 .bss           0x000000000000755c        0x4 /opt/parallax/lib/gcc/propeller-elf/4.6.1/../../../../propeller-elf/lib/cmm/short-doubles/libc.a(FileDriver.o)
                0x000000000000755c                _dfs_mountflag
 .bss           0x0000000000007560        0x0 /opt/parallax/lib/gcc/propeller-elf/4.6.1/../../../../propeller-elf/lib/cmm/short-doubles/libc.a(mount.o)
 .bss           0x0000000000007560        0x0 /opt/parallax/lib/gcc/propeller-elf/4.6.1/../../../../propeller-elf/lib/cmm/short-doubles/libc.a(dosfs.o)
 .bss           0x0000000000007560        0x4 /opt/parallax/lib/gcc/propeller-elf/4.6.1/../../../../propeller-elf/lib/cmm/short-doubles/libc.a(file_io.o)
                0x0000000000007560                __sd_mbox_p
 .bss           0x0000000000007564        0x0 /opt/parallax/lib/gcc/propeller-elf/4.6.1/../../../../propeller-elf/lib/cmm/short-doubles/libc.a(load_sd_driver.o)
 .bss           0x0000000000007564        0x0 /opt/parallax/lib/gcc/propeller-elf/4.6.1/../../../../propeller-elf/lib/cmm/short-doubles/libc.a(sd_driver.o)
 .bss           0x0000000000007564        0x0 /opt/parallax/lib/gcc/propeller-elf/4.6.1/../../../../propeller-elf/lib/cmm/short-doubles/libc.a(fflush.o)
 .bss           0x0000000000007564        0x4 /opt/parallax/lib/gcc/propeller-elf/4.6.1/../../../../propeller-elf/lib/cmm/short-doubles/libc.a(malloc.o)
 .bss           0x0000000000007568        0x0 /opt/parallax/lib/gcc/propeller-elf/4.6.1/../../../../propeller-elf/lib/cmm/short-doubles/libc.a(atoi.o)
 .bss           0x0000000000007568        0x0 /opt/parallax/lib/gcc/propeller-elf/4.6.1/../../../../propeller-elf/lib/cmm/short-doubles/libc.a(div.o)
 .bss           0x0000000000007568        0x0 /opt/parallax/lib/gcc/propeller-elf/4.6.1/../../../../propeller-elf/lib/cmm/short-doubles/libc.a(ctype.o)
 .bss           0x0000000000007568        0x0 /opt/parallax/lib/gcc/propeller-elf/4.6.1/../../../../propeller-elf/lib/cmm/short-doubles/libc.a(sbrk.o)
 .bss           0x0000000000007568        0x0 /opt/parallax/lib/gcc/propeller-elf/4.6.1/../../../../propeller-elf/lib/cmm/short-doubles/libc.a(memcmp.o)
 .bss           0x0000000000007568        0x0 /opt/parallax/lib/gcc/propeller-elf/4.6.1/../../../../propeller-elf/lib/cmm/short-doubles/libc.a(strcat.o)
 .bss           0x0000000000007568        0x0 /opt/parallax/lib/gcc/propeller-elf/4.6.1/../../../../propeller-elf/lib/cmm/short-doubles/libc.a(strcmp.o)
 .bss           0x0000000000007568        0x0 /opt/parallax/lib/gcc/propeller-elf/4.6.1/../../../../propeller-elf/lib/cmm/short-doubles/libc.a(strcpy.o)
 .bss           0x0000000000007568        0x0 /opt/parallax/lib/gcc/propeller-elf/4.6.1/../../../../propeller-elf/lib/cmm/short-doubles/libc.a(strncpy.o)
 .bss           0x0000000000007568        0x0 /opt/parallax/lib/gcc/propeller-elf/4.6.1/cmm/short-doubles/_crtend.o
 *(.bss*)
 *(COMMON)
 COMMON         0x0000000000007568        0x8 /tmp/cceYxY2J.o
                0x0000000000007568                _totalerror
                0x000000000000756c                _preverror
 COMMON         0x0000000000007570       0x1c /tmp/ccHpwH7z.o
                0x0000000000007570                _rticks
                0x0000000000007574                _angleTurned
                0x0000000000007578                _total_distance
                0x000000000000757c                _lticks
                0x0000000000007580                _current_pos
 COMMON         0x000000000000758c       0x1c /home/alexis/dev/robotics/lib/Utility/libsimpletools/cmm//libsimpletools.a(timeTicks.o)
                0x000000000000758c                _st_iodt
                0x0000000000007590                _us
                0x0000000000007594                _st_usTicks
                0x0000000000007598                _ms
                0x000000000000759c                _st_timeout
                0x00000000000075a0                _st_pauseTicks
                0x00000000000075a4                _st_msTicks
 COMMON         0x00000000000075a8        0x8 /home/alexis/dev/robotics/lib/Robotics/ActivityBot/libabdrive/cmm//libabdrive.a(getticks.o)
                0x00000000000075a8                _abd_drc
                0x00000000000075ac                _abd_dlc
 COMMON         0x00000000000075b0      0x7cc /home/alexis/dev/robotics/lib/Robotics/ActivityBot/libabdrive/cmm//libabdrive.a(abdrive.o)
                0x00000000000075b0                _abd_speedL
                0x00000000000075b4                _abd_cntrLidx
                0x00000000000075b8                _abd_us
                0x00000000000075bc                _abd_spdmL
                0x000000000000779c                __servoPulseReps
                0x00000000000077a0                _abd_cntrRidx
                0x00000000000077a4                _abd_spdrR
                0x0000000000007984                _abd_iR
                0x0000000000007988                _abd_pL
                0x000000000000798c                _abd_trimFL
                0x0000000000007990                _abd_trimBL
                0x0000000000007994                _abd_speedR
                0x0000000000007998                _abd_trimBR
                0x000000000000799c                _abd_edR
                0x00000000000079a0                _abd_elCntR
                0x00000000000079a4                _abd_edL
                0x00000000000079a8                _abd_pR
                0x00000000000079ac                _abd_trimFR
                0x00000000000079b0                _abd_elCntL
                0x00000000000079b4                _abd_iL
                0x00000000000079b8                _abd_spdmR
                0x0000000000007b98                _abd_spdrL
                0x0000000000007d78                _abd_eeAddr
 COMMON         0x0000000000007d7c        0x8 /home/alexis/dev/robotics/lib/Utility/libsimpletools/cmm//libsimpletools.a(eeprom_getByte.o)
                0x0000000000007d7c                _st_eeprom
                0x0000000000007d80                _st_eeInitFlag
 COMMON         0x0000000000007d84      0x1a4 /opt/parallax/lib/gcc/propeller-elf/4.6.1/../../../../propeller-elf/lib/cmm/short-doubles/libc.a(fopen_intern.o)
                0x0000000000007d84                ___stdio_lock
                0x0000000000007d88                ___files
 COMMON         0x0000000000007f28       0x74 /opt/parallax/lib/gcc/propeller-elf/4.6.1/../../../../propeller-elf/lib/cmm/short-doubles/libc.a(FileDriver.o)
                0x0000000000007f28                _dfs_volinfo
                0x0000000000007f5c                _dfs_currdir
                0x0000000000007f9c                PROVIDE (__bss_end, .)

.hub_heap       0x0000000000007f9c        0x4
                0x0000000000007fa0                . = (. + 0x4)
 *fill*         0x0000000000007f9c        0x4 00
                0x0000000000007f9c                ___hub_heap_start = ADDR (.hub_heap)

.drivers
 *(.drivers)
                0x0000000000000020                __load_start_kernel = LOADADDR (.lmmkernel)
                0x0000000000007014                ___CTOR_LIST__ = ADDR (.ctors)
                0x0000000000007020                ___DTOR_LIST__ = ADDR (.dtors)

.hash
 *(.hash)

.dynsym
 *(.dynsym)

.dynstr
 *(.dynstr)

.gnu.version
 *(.gnu.version)

.gnu.version_d
 *(.gnu.version_d)

.gnu.version_r
 *(.gnu.version_r)

.rel.init
 *(.rel.init)

.rela.init
 *(.rela.init)

.rel.text
 *(.rel.text)
 *(.rel.text.*)
 *(.rel.gnu.linkonce.t*)

.rela.text
 *(.rela.text)
 *(.rela.text.*)
 *(.rela.gnu.linkonce.t*)

.rel.fini
 *(.rel.fini)

.rela.fini
 *(.rela.fini)

.rel.rodata
 *(.rel.rodata)
 *(.rel.rodata.*)
 *(.rel.gnu.linkonce.r*)

.rela.rodata
 *(.rela.rodata)
 *(.rela.rodata.*)
 *(.rela.gnu.linkonce.r*)

.rel.data
 *(.rel.data)
 *(.rel.data.*)
 *(.rel.gnu.linkonce.d*)

.rela.data
 *(.rela.data)
 *(.rela.data.*)
 *(.rela.gnu.linkonce.d*)

.rel.ctors
 *(.rel.ctors)

.rela.ctors
 *(.rela.ctors)

.rel.dtors
 *(.rel.dtors)

.rela.dtors
 *(.rela.dtors)

.rel.got
 *(.rel.got)

.rela.got
 *(.rela.got)

.rel.bss
 *(.rel.bss)

.rela.bss
 *(.rela.bss)

.rel.plt
 *(.rel.plt)

.rela.plt
 *(.rela.plt)

.stab
 *(.stab)

.stabstr
 *(.stabstr)

.stab.excl
 *(.stab.excl)

.stab.exclstr
 *(.stab.exclstr)

.stab.index
 *(.stab.index)

.stab.indexstr
 *(.stab.indexstr)

.comment
 *(.comment)

.debug
 *(.debug)

.line
 *(.line)

.debug_srcinfo
 *(.debug_srcinfo .zdebug_srcinfo)

.debug_sfnames
 *(.debug_sfnames .zdebug_sfnames)

.debug_aranges  0x0000000000000000      0x100
 *(.debug_aranges .zdebug_aranges)
 .debug_aranges
                0x0000000000000000       0x20 /opt/parallax/lib/gcc/propeller-elf/4.6.1/cmm/short-doubles/libgcc.a(addsf3.o)
 .debug_aranges
                0x0000000000000020       0x20 /opt/parallax/lib/gcc/propeller-elf/4.6.1/cmm/short-doubles/libgcc.a(divsf3.o)
 .debug_aranges
                0x0000000000000040       0x20 /opt/parallax/lib/gcc/propeller-elf/4.6.1/cmm/short-doubles/libgcc.a(eqsf2.o)
 .debug_aranges
                0x0000000000000060       0x20 /opt/parallax/lib/gcc/propeller-elf/4.6.1/cmm/short-doubles/libgcc.a(gesf2.o)
 .debug_aranges
                0x0000000000000080       0x20 /opt/parallax/lib/gcc/propeller-elf/4.6.1/cmm/short-doubles/libgcc.a(mulsf3.o)
 .debug_aranges
                0x00000000000000a0       0x20 /opt/parallax/lib/gcc/propeller-elf/4.6.1/cmm/short-doubles/libgcc.a(subsf3.o)
 .debug_aranges
                0x00000000000000c0       0x20 /opt/parallax/lib/gcc/propeller-elf/4.6.1/cmm/short-doubles/libgcc.a(fixsfsi.o)
 .debug_aranges
                0x00000000000000e0       0x20 /opt/parallax/lib/gcc/propeller-elf/4.6.1/cmm/short-doubles/libgcc.a(floatsisf.o)

.debug_pubnames
 *(.debug_pubnames .zdebug_pubnames)

.debug_info     0x0000000000000000     0x1aec
 *(.debug_info .gnu.linkonce.wi.* .zdebug_info)
 .debug_info    0x0000000000000000      0x3db /opt/parallax/lib/gcc/propeller-elf/4.6.1/cmm/short-doubles/libgcc.a(addsf3.o)
 .debug_info    0x00000000000003db      0x3b4 /opt/parallax/lib/gcc/propeller-elf/4.6.1/cmm/short-doubles/libgcc.a(divsf3.o)
 .debug_info    0x000000000000078f      0x2de /opt/parallax/lib/gcc/propeller-elf/4.6.1/cmm/short-doubles/libgcc.a(eqsf2.o)
 .debug_info    0x0000000000000a6d      0x316 /opt/parallax/lib/gcc/propeller-elf/4.6.1/cmm/short-doubles/libgcc.a(gesf2.o)
 .debug_info    0x0000000000000d83      0x41b /opt/parallax/lib/gcc/propeller-elf/4.6.1/cmm/short-doubles/libgcc.a(mulsf3.o)
 .debug_info    0x000000000000119e      0x3dd /opt/parallax/lib/gcc/propeller-elf/4.6.1/cmm/short-doubles/libgcc.a(subsf3.o)
 .debug_info    0x000000000000157b      0x2a2 /opt/parallax/lib/gcc/propeller-elf/4.6.1/cmm/short-doubles/libgcc.a(fixsfsi.o)
 .debug_info    0x000000000000181d      0x2cf /opt/parallax/lib/gcc/propeller-elf/4.6.1/cmm/short-doubles/libgcc.a(floatsisf.o)

.debug_abbrev   0x0000000000000000      0x730
 *(.debug_abbrev .zdebug_abbrev)
 .debug_abbrev  0x0000000000000000       0xeb /opt/parallax/lib/gcc/propeller-elf/4.6.1/cmm/short-doubles/libgcc.a(addsf3.o)
 .debug_abbrev  0x00000000000000eb       0xe9 /opt/parallax/lib/gcc/propeller-elf/4.6.1/cmm/short-doubles/libgcc.a(divsf3.o)
 .debug_abbrev  0x00000000000001d4       0xdc /opt/parallax/lib/gcc/propeller-elf/4.6.1/cmm/short-doubles/libgcc.a(eqsf2.o)
 .debug_abbrev  0x00000000000002b0       0xdc /opt/parallax/lib/gcc/propeller-elf/4.6.1/cmm/short-doubles/libgcc.a(gesf2.o)
 .debug_abbrev  0x000000000000038c       0xf0 /opt/parallax/lib/gcc/propeller-elf/4.6.1/cmm/short-doubles/libgcc.a(mulsf3.o)
 .debug_abbrev  0x000000000000047c       0xeb /opt/parallax/lib/gcc/propeller-elf/4.6.1/cmm/short-doubles/libgcc.a(subsf3.o)
 .debug_abbrev  0x0000000000000567       0xdc /opt/parallax/lib/gcc/propeller-elf/4.6.1/cmm/short-doubles/libgcc.a(fixsfsi.o)
 .debug_abbrev  0x0000000000000643       0xed /opt/parallax/lib/gcc/propeller-elf/4.6.1/cmm/short-doubles/libgcc.a(floatsisf.o)

.debug_line     0x0000000000000000      0xa63
 *(.debug_line .zdebug_line)
 .debug_line    0x0000000000000000      0x276 /opt/parallax/lib/gcc/propeller-elf/4.6.1/cmm/short-doubles/libgcc.a(addsf3.o)
 .debug_line    0x0000000000000276      0x11b /opt/parallax/lib/gcc/propeller-elf/4.6.1/cmm/short-doubles/libgcc.a(divsf3.o)
 .debug_line    0x0000000000000391       0xc4 /opt/parallax/lib/gcc/propeller-elf/4.6.1/cmm/short-doubles/libgcc.a(eqsf2.o)
 .debug_line    0x0000000000000455       0xe9 /opt/parallax/lib/gcc/propeller-elf/4.6.1/cmm/short-doubles/libgcc.a(gesf2.o)
 .debug_line    0x000000000000053e      0x129 /opt/parallax/lib/gcc/propeller-elf/4.6.1/cmm/short-doubles/libgcc.a(mulsf3.o)
 .debug_line    0x0000000000000667      0x28d /opt/parallax/lib/gcc/propeller-elf/4.6.1/cmm/short-doubles/libgcc.a(subsf3.o)
 .debug_line    0x00000000000008f4       0xaa /opt/parallax/lib/gcc/propeller-elf/4.6.1/cmm/short-doubles/libgcc.a(fixsfsi.o)
 .debug_line    0x000000000000099e       0xc5 /opt/parallax/lib/gcc/propeller-elf/4.6.1/cmm/short-doubles/libgcc.a(floatsisf.o)

.debug_frame    0x0000000000000000      0x138
 *(.debug_frame .zdebug_frame)
 .debug_frame   0x0000000000000000       0x24 /opt/parallax/lib/gcc/propeller-elf/4.6.1/cmm/short-doubles/libgcc.a(addsf3.o)
 .debug_frame   0x0000000000000024       0x30 /opt/parallax/lib/gcc/propeller-elf/4.6.1/cmm/short-doubles/libgcc.a(divsf3.o)
 .debug_frame   0x0000000000000054       0x24 /opt/parallax/lib/gcc/propeller-elf/4.6.1/cmm/short-doubles/libgcc.a(eqsf2.o)
 .debug_frame   0x0000000000000078       0x24 /opt/parallax/lib/gcc/propeller-elf/4.6.1/cmm/short-doubles/libgcc.a(gesf2.o)
 .debug_frame   0x000000000000009c       0x30 /opt/parallax/lib/gcc/propeller-elf/4.6.1/cmm/short-doubles/libgcc.a(mulsf3.o)
 .debug_frame   0x00000000000000cc       0x24 /opt/parallax/lib/gcc/propeller-elf/4.6.1/cmm/short-doubles/libgcc.a(subsf3.o)
 .debug_frame   0x00000000000000f0       0x24 /opt/parallax/lib/gcc/propeller-elf/4.6.1/cmm/short-doubles/libgcc.a(fixsfsi.o)
 .debug_frame   0x0000000000000114       0x24 /opt/parallax/lib/gcc/propeller-elf/4.6.1/cmm/short-doubles/libgcc.a(floatsisf.o)

.debug_str
 *(.debug_str .zdebug_str)

.debug_loc      0x0000000000000000     0x1af3
 *(.debug_loc .zdebug_loc)
 .debug_loc     0x0000000000000000      0x6f4 /opt/parallax/lib/gcc/propeller-elf/4.6.1/cmm/short-doubles/libgcc.a(addsf3.o)
 .debug_loc     0x00000000000006f4      0x4d1 /opt/parallax/lib/gcc/propeller-elf/4.6.1/cmm/short-doubles/libgcc.a(divsf3.o)
 .debug_loc     0x0000000000000bc5       0x95 /opt/parallax/lib/gcc/propeller-elf/4.6.1/cmm/short-doubles/libgcc.a(eqsf2.o)
 .debug_loc     0x0000000000000c5a       0xe1 /opt/parallax/lib/gcc/propeller-elf/4.6.1/cmm/short-doubles/libgcc.a(gesf2.o)
 .debug_loc     0x0000000000000d3b      0x560 /opt/parallax/lib/gcc/propeller-elf/4.6.1/cmm/short-doubles/libgcc.a(mulsf3.o)
 .debug_loc     0x000000000000129b      0x6b5 /opt/parallax/lib/gcc/propeller-elf/4.6.1/cmm/short-doubles/libgcc.a(subsf3.o)
 .debug_loc     0x0000000000001950       0xa9 /opt/parallax/lib/gcc/propeller-elf/4.6.1/cmm/short-doubles/libgcc.a(fixsfsi.o)
 .debug_loc     0x00000000000019f9       0xfa /opt/parallax/lib/gcc/propeller-elf/4.6.1/cmm/short-doubles/libgcc.a(floatsisf.o)

.debug_macinfo
 *(.debug_macinfo .zdebug_macinfo)
                0x00000000000007c0                PROVIDE (par, PAR)
                0x00000000000007c4                PROVIDE (cnt, CNT)
                0x00000000000007c8                PROVIDE (ina, INA)
                0x00000000000007cc                PROVIDE (inb, INB)
                0x00000000000007d0                PROVIDE (outa, OUTA)
                0x00000000000007d4                PROVIDE (outb, OUTB)
                0x00000000000007d8                PROVIDE (dira, DIRA)
                0x00000000000007dc                PROVIDE (dirb, DIRB)
                0x00000000000007e0                PROVIDE (ctra, CTRA)
                0x00000000000007e4                PROVIDE (ctrb, CTRB)
                0x00000000000007e8                PROVIDE (frqa, FRQA)
                0x00000000000007ec                PROVIDE (frqb, FRQB)
                0x00000000000007f0                PROVIDE (phsa, PHSA)
                0x00000000000007f4                PROVIDE (phsb, PHSB)
                0x00000000000007f8                PROVIDE (vcfg, VCFG)
                0x00000000000007fc                PROVIDE (vscl, VSCL)
                0x0000000000007fac                PROVIDE (__hub_end, (ADDR (.hub_heap) + 0x10))
                0x0000000000008000                PROVIDE (__stack_end, 0x8000)
OUTPUT(cmm/1.elf elf32-propeller)

.debug_ranges   0x0000000000000000      0x2b0
 .debug_ranges  0x0000000000000000       0x78 /opt/parallax/lib/gcc/propeller-elf/4.6.1/cmm/short-doubles/libgcc.a(addsf3.o)
 .debug_ranges  0x0000000000000078       0x58 /opt/parallax/lib/gcc/propeller-elf/4.6.1/cmm/short-doubles/libgcc.a(divsf3.o)
 .debug_ranges  0x00000000000000d0       0x48 /opt/parallax/lib/gcc/propeller-elf/4.6.1/cmm/short-doubles/libgcc.a(eqsf2.o)
 .debug_ranges  0x0000000000000118       0x68 /opt/parallax/lib/gcc/propeller-elf/4.6.1/cmm/short-doubles/libgcc.a(gesf2.o)
 .debug_ranges  0x0000000000000180       0x78 /opt/parallax/lib/gcc/propeller-elf/4.6.1/cmm/short-doubles/libgcc.a(mulsf3.o)
 .debug_ranges  0x00000000000001f8       0x80 /opt/parallax/lib/gcc/propeller-elf/4.6.1/cmm/short-doubles/libgcc.a(subsf3.o)
 .debug_ranges  0x0000000000000278       0x38 /opt/parallax/lib/gcc/propeller-elf/4.6.1/cmm/short-doubles/libgcc.a(fixsfsi.o)
                0x0000000000005e30                PROVIDE (__load_start_cogsys1, LOADADDR (.cogsys1))
                0x000000000000635c                PROVIDE (__load_stop_cogsys1, (LOADADDR (.cogsys1) + SIZEOF (.cogsys1)))
